[INFO] Scanning for projects...
[INFO] 
[INFO] ----------------------< com.company:tms-backend >-----------------------
[INFO] Building tms-backend 1.0.0
[INFO]   from pom.xml
[INFO] --------------------------------[ jar ]---------------------------------
[INFO] 
[INFO] --- clean:3.3.2:clean (default-clean) @ tms-backend ---
[INFO] Deleting C:\Users\milisrivastava\Documents\tms-copilot\tms-backend\target
[INFO] 
[INFO] --- resources:3.3.1:resources (default-resources) @ tms-backend ---
[INFO] Copying 1 resource from src\main\resources to target\classes
[INFO] Copying 5 resources from src\main\resources to target\classes
[INFO] 
[INFO] --- compiler:3.11.0:compile (default-compile) @ tms-backend ---
[INFO] Changes detected - recompiling the module! :source
[INFO] Compiling 202 source files with javac [debug release 21] to target\classes
[INFO] 
[INFO] --- resources:3.3.1:testResources (default-testResources) @ tms-backend ---
[INFO] Copying 1 resource from src\test\resources to target\test-classes
[INFO] 
[INFO] --- compiler:3.11.0:testCompile (default-testCompile) @ tms-backend ---
[INFO] Changes detected - recompiling the module! :dependency
[INFO] Compiling 21 source files with javac [debug release 21] to target\test-classes
[INFO] 
[INFO] --- surefire:3.1.2:test (default-test) @ tms-backend ---
[INFO] Using auto detected provider org.apache.maven.surefire.junitplatform.JUnitPlatformProvider
[INFO] 
[INFO] -------------------------------------------------------
[INFO]  T E S T S
[INFO] -------------------------------------------------------
[INFO] Running com.company.tms.controller.AuthControllerTest
13:08:53.572 [main] INFO org.springframework.test.context.support.AnnotationConfigContextLoaderUtils -- Could not detect default configuration classes for test class [com.company.tms.controller.AuthControllerTest]: AuthControllerTest does not declare any static, non-private, non-final, nested classes annotated with @Configuration.
13:08:54.118 [main] INFO org.springframework.boot.test.context.SpringBootTestContextBootstrapper -- Found @SpringBootConfiguration com.company.tms.TmsBackendApplication for test class com.company.tms.controller.AuthControllerTest
[INFO] Running com.company.tms.controller.AuthControllerTest$Login
13:08:54.178 [main] INFO org.springframework.test.context.support.AnnotationConfigContextLoaderUtils -- Could not detect default configuration classes for test class [com.company.tms.controller.AuthControllerTest$Login]: Login does not declare any static, non-private, non-final, nested classes annotated with @Configuration.
13:08:54.198 [main] INFO org.springframework.boot.test.context.SpringBootTestContextBootstrapper -- Found @SpringBootConfiguration com.company.tms.TmsBackendApplication for test class com.company.tms.controller.AuthControllerTest$Login

  .   ____          _            __ _ _
 /\\ / ___'_ __ _ _(_)_ __  __ _ \ \ \ \
( ( )\___ | '_ | '_| | '_ \/ _` | \ \ \ \
 \\/  ___)| |_)| | | | | || (_| |  ) ) ) )
  '  |____| .__|_| |_|_| |_\__, | / / / /
 =========|_|==============|___/=/_/_/_/
 :: Spring Boot ::                (v3.2.3)

2026-03-23T13:08:54.991+05:30  INFO 26848 --- [tms-backend] [           main] c.c.tms.controller.AuthControllerTest    : Starting AuthControllerTest using Java 21.0.1 with PID 26848 (started by MiliSrivastava in C:\Users\milisrivastava\Documents\tms-copilot\tms-backend)
2026-03-23T13:08:54.994+05:30  INFO 26848 --- [tms-backend] [           main] c.c.tms.controller.AuthControllerTest    : No active profile set, falling back to 1 default profile: "default"
mvn : WARNING: A Java agent has been loaded dynamically (C:\Users\milisrivastav
a\.m2\repository\net\bytebuddy\byte-buddy-agent\1.14.12\byte-buddy-agent-1.14.1
2.jar)
At line:1 char:1
+ mvn -f "C:\Users\milisrivastava\Documents\tms-copilot\tms-backend\pom ...
+ ~~~~~~~~~~~~~~~~~~~~~~~~~~~~~~~~~~~~~~~~~~~~~~~~~~~~~~~~~~~~~~~~~~~~~
    + CategoryInfo          : NotSpecified: (WARNING: A Java...nt-1.14.12.jar) 
   :String) [], RemoteException
    + FullyQualifiedErrorId : NativeCommandError
 
WARNING: If a serviceability tool is in use, please run with 
-XX:+EnableDynamicAgentLoading to hide this warning
WARNING: If a serviceability tool is not in use, please run with 
-Djdk.instrument.traceUsage for more information
WARNING: Dynamic loading of agents will be disallowed by default in a future 
release
Java HotSpot(TM) 64-Bit Server VM warning: Sharing is only supported for boot 
loader classes because bootstrap classpath has been appended
2026-03-23T13:09:00.510+05:30  INFO 26848 --- [tms-backend] [           main] o.s.b.t.m.w.SpringBootMockServletContext : Initializing Spring TestDispatcherServlet ''
2026-03-23T13:09:00.510+05:30  INFO 26848 --- [tms-backend] [           main] o.s.t.web.servlet.TestDispatcherServlet  : Initializing Servlet ''
2026-03-23T13:09:00.515+05:30  INFO 26848 --- [tms-backend] [           main] o.s.t.web.servlet.TestDispatcherServlet  : Completed initialization in 2 ms
2026-03-23T13:09:00.594+05:30  INFO 26848 --- [tms-backend] [           main] c.c.tms.controller.AuthControllerTest    : Started AuthControllerTest in 6.301 seconds (process running for 8.946)
2026-03-23T13:09:01.251+05:30  WARN 26848 --- [tms-backend] [           main] c.c.t.exception.GlobalExceptionHandler   : Validation failed: email: Email is required, password: Password is required
2026-03-23T13:09:01.552+05:30  WARN 26848 --- [tms-backend] [           main] c.c.t.exception.GlobalExceptionHandler   : Bad credentials login attempt
2026-03-23T13:09:01.584+05:30  WARN 26848 --- [tms-backend] [           main] c.c.t.exception.GlobalExceptionHandler   : Validation failed: email: Invalid email format
2026-03-23T13:09:01.607+05:30  WARN 26848 --- [tms-backend] [           main] c.c.t.exception.GlobalExceptionHandler   : Validation failed: password: Password is required
2026-03-23T13:09:01.630+05:30  WARN 26848 --- [tms-backend] [           main] c.c.t.exception.GlobalExceptionHandler   : Validation failed: email: Email is required
[INFO] Tests run: 6, Failures: 0, Errors: 0, Skipped: 0, Time elapsed: 7.476 s -- in com.company.tms.controller.AuthControllerTest$Login
[INFO] Tests run: 0, Failures: 0, Errors: 0, Skipped: 0, Time elapsed: 8.635 s -- in com.company.tms.controller.AuthControllerTest
[INFO] Running com.company.tms.controller.LeaveControllerTest
2026-03-23T13:09:01.679+05:30  INFO 26848 --- [tms-backend] [           main] t.c.s.AnnotationConfigContextLoaderUtils : Could not detect default configuration classes for test class [com.company.tms.controller.LeaveControllerTest]: LeaveControllerTest does not declare any static, non-private, non-final, nested classes annotated with @Configuration.
2026-03-23T13:09:01.712+05:30  INFO 26848 --- [tms-backend] [           main] .b.t.c.SpringBootTestContextBootstrapper : Found @SpringBootConfiguration com.company.tms.TmsBackendApplication for test class com.company.tms.controller.LeaveControllerTest
[INFO] Running com.company.tms.controller.LeaveControllerTest$CancelLeave
2026-03-23T13:09:01.766+05:30  INFO 26848 --- [tms-backend] [           main] t.c.s.AnnotationConfigContextLoaderUtils : Could not detect default configuration classes for test class [com.company.tms.controller.LeaveControllerTest$CancelLeave]: CancelLeave does not declare any static, non-private, non-final, nested classes annotated with @Configuration.
2026-03-23T13:09:01.865+05:30  INFO 26848 --- [tms-backend] [           main] .b.t.c.SpringBootTestContextBootstrapper : Found @SpringBootConfiguration com.company.tms.TmsBackendApplication for test class com.company.tms.controller.LeaveControllerTest$CancelLeave

  .   ____          _            __ _ _
 /\\ / ___'_ __ _ _(_)_ __  __ _ \ \ \ \
( ( )\___ | '_ | '_| | '_ \/ _` | \ \ \ \
 \\/  ___)| |_)| | | | | || (_| |  ) ) ) )
  '  |____| .__|_| |_|_| |_\__, | / / / /
 =========|_|==============|___/=/_/_/_/
 :: Spring Boot ::                (v3.2.3)

2026-03-23T13:09:02.015+05:30  INFO 26848 --- [tms-backend] [           main] c.c.tms.controller.LeaveControllerTest   : Starting LeaveControllerTest using Java 21.0.1 with PID 26848 (started by MiliSrivastava in C:\Users\milisrivastava\Documents\tms-copilot\tms-backend)
2026-03-23T13:09:02.016+05:30  INFO 26848 --- [tms-backend] [           main] c.c.tms.controller.LeaveControllerTest   : No active profile set, falling back to 1 default profile: "default"
2026-03-23T13:09:03.275+05:30  INFO 26848 --- [tms-backend] [           main] o.s.b.t.m.w.SpringBootMockServletContext : Initializing Spring TestDispatcherServlet ''
2026-03-23T13:09:03.275+05:30  INFO 26848 --- [tms-backend] [           main] o.s.t.web.servlet.TestDispatcherServlet  : Initializing Servlet ''
2026-03-23T13:09:03.275+05:30  INFO 26848 --- [tms-backend] [           main] o.s.t.web.servlet.TestDispatcherServlet  : Completed initialization in 0 ms
2026-03-23T13:09:03.289+05:30  INFO 26848 --- [tms-backend] [           main] c.c.tms.controller.LeaveControllerTest   : Started LeaveControllerTest in 1.398 seconds (process running for 11.642)
[INFO] Tests run: 1, Failures: 0, Errors: 0, Skipped: 0, Time elapsed: 1.633 s -- in com.company.tms.controller.LeaveControllerTest$CancelLeave
[INFO] Running com.company.tms.controller.LeaveControllerTest$ApprovLeave
2026-03-23T13:09:03.401+05:30  INFO 26848 --- [tms-backend] [           main] t.c.s.AnnotationConfigContextLoaderUtils : Could not detect default configuration classes for test class [com.company.tms.controller.LeaveControllerTest$ApprovLeave]: ApprovLeave does not declare any static, non-private, non-final, nested classes annotated with @Configuration.
2026-03-23T13:09:03.411+05:30  INFO 26848 --- [tms-backend] [           main] .b.t.c.SpringBootTestContextBootstrapper : Found @SpringBootConfiguration com.company.tms.TmsBackendApplication for test class com.company.tms.controller.LeaveControllerTest$ApprovLeave
2026-03-23T13:09:03.457+05:30  WARN 26848 --- [tms-backend] [           main] c.c.t.exception.GlobalExceptionHandler   : Access denied: Access Denied
[INFO] Tests run: 2, Failures: 0, Errors: 0, Skipped: 0, Time elapsed: 0.064 s -- in com.company.tms.controller.LeaveControllerTest$ApprovLeave
[INFO] Running com.company.tms.controller.LeaveControllerTest$CreateLeaveRequest
2026-03-23T13:09:03.466+05:30  INFO 26848 --- [tms-backend] [           main] t.c.s.AnnotationConfigContextLoaderUtils : Could not detect default configuration classes for test class [com.company.tms.controller.LeaveControllerTest$CreateLeaveRequest]: CreateLeaveRequest does not declare any static, non-private, non-final, nested classes annotated with @Configuration.
2026-03-23T13:09:03.481+05:30  INFO 26848 --- [tms-backend] [           main] .b.t.c.SpringBootTestContextBootstrapper : Found @SpringBootConfiguration com.company.tms.TmsBackendApplication for test class com.company.tms.controller.LeaveControllerTest$CreateLeaveRequest
2026-03-23T13:09:03.549+05:30  WARN 26848 --- [tms-backend] [           main] c.c.t.exception.GlobalExceptionHandler   : Insufficient leave balance: Insufficient leave balance. Requested: 10, Available: 2
2026-03-23T13:09:03.575+05:30  WARN 26848 --- [tms-backend] [           main] c.c.t.exception.GlobalExceptionHandler   : Validation failed: userId: User ID is required
[INFO] Tests run: 4, Failures: 0, Errors: 0, Skipped: 0, Time elapsed: 0.111 s -- in com.company.tms.controller.LeaveControllerTest$CreateLeaveRequest
[INFO] Running com.company.tms.controller.LeaveControllerTest$GetAllLeaves
2026-03-23T13:09:03.586+05:30  INFO 26848 --- [tms-backend] [           main] t.c.s.AnnotationConfigContextLoaderUtils : Could not detect default configuration classes for test class [com.company.tms.controller.LeaveControllerTest$GetAllLeaves]: GetAllLeaves does not declare any static, non-private, non-final, nested classes annotated with @Configuration.
2026-03-23T13:09:03.601+05:30  INFO 26848 --- [tms-backend] [           main] .b.t.c.SpringBootTestContextBootstrapper : Found @SpringBootConfiguration com.company.tms.TmsBackendApplication for test class com.company.tms.controller.LeaveControllerTest$GetAllLeaves
[INFO] Tests run: 2, Failures: 0, Errors: 0, Skipped: 0, Time elapsed: 0.084 s -- in com.company.tms.controller.LeaveControllerTest$GetAllLeaves
[INFO] Tests run: 0, Failures: 0, Errors: 0, Skipped: 0, Time elapsed: 2.000 s -- in com.company.tms.controller.LeaveControllerTest
[INFO] Running com.company.tms.controller.TimesheetControllerTest
2026-03-23T13:09:03.690+05:30  INFO 26848 --- [tms-backend] [           main] t.c.s.AnnotationConfigContextLoaderUtils : Could not detect default configuration classes for test class [com.company.tms.controller.TimesheetControllerTest]: TimesheetControllerTest does not declare any static, non-private, non-final, nested classes annotated with @Configuration.
2026-03-23T13:09:03.702+05:30  INFO 26848 --- [tms-backend] [           main] .b.t.c.SpringBootTestContextBootstrapper : Found @SpringBootConfiguration com.company.tms.TmsBackendApplication for test class com.company.tms.controller.TimesheetControllerTest
[INFO] Running com.company.tms.controller.TimesheetControllerTest$LockTimesheet
2026-03-23T13:09:03.715+05:30  INFO 26848 --- [tms-backend] [           main] t.c.s.AnnotationConfigContextLoaderUtils : Could not detect default configuration classes for test class [com.company.tms.controller.TimesheetControllerTest$LockTimesheet]: LockTimesheet does not declare any static, non-private, non-final, nested classes annotated with @Configuration.
2026-03-23T13:09:03.731+05:30  INFO 26848 --- [tms-backend] [           main] .b.t.c.SpringBootTestContextBootstrapper : Found @SpringBootConfiguration com.company.tms.TmsBackendApplication for test class com.company.tms.controller.TimesheetControllerTest$LockTimesheet

  .   ____          _            __ _ _
 /\\ / ___'_ __ _ _(_)_ __  __ _ \ \ \ \
( ( )\___ | '_ | '_| | '_ \/ _` | \ \ \ \
 \\/  ___)| |_)| | | | | || (_| |  ) ) ) )
  '  |____| .__|_| |_|_| |_\__, | / / / /
 =========|_|==============|___/=/_/_/_/
 :: Spring Boot ::                (v3.2.3)

2026-03-23T13:09:03.788+05:30  INFO 26848 --- [tms-backend] [           main] c.c.t.c.TimesheetControllerTest          : Starting TimesheetControllerTest using Java 21.0.1 with PID 26848 (started by MiliSrivastava in C:\Users\milisrivastava\Documents\tms-copilot\tms-backend)
2026-03-23T13:09:03.789+05:30  INFO 26848 --- [tms-backend] [           main] c.c.t.c.TimesheetControllerTest          : No active profile set, falling back to 1 default profile: "default"
2026-03-23T13:09:04.816+05:30  INFO 26848 --- [tms-backend] [           main] o.s.b.t.m.w.SpringBootMockServletContext : Initializing Spring TestDispatcherServlet ''
2026-03-23T13:09:04.816+05:30  INFO 26848 --- [tms-backend] [           main] o.s.t.web.servlet.TestDispatcherServlet  : Initializing Servlet ''
2026-03-23T13:09:04.817+05:30  INFO 26848 --- [tms-backend] [           main] o.s.t.web.servlet.TestDispatcherServlet  : Completed initialization in 1 ms
2026-03-23T13:09:04.850+05:30  INFO 26848 --- [tms-backend] [           main] c.c.t.c.TimesheetControllerTest          : Started TimesheetControllerTest in 1.112 seconds (process running for 13.203)
2026-03-23T13:09:04.872+05:30  WARN 26848 --- [tms-backend] [           main] c.c.t.exception.GlobalExceptionHandler   : Access denied: Access Denied
[INFO] Tests run: 2, Failures: 0, Errors: 0, Skipped: 0, Time elapsed: 1.196 s -- in com.company.tms.controller.TimesheetControllerTest$LockTimesheet
[INFO] Running com.company.tms.controller.TimesheetControllerTest$SubmitTimesheet
2026-03-23T13:09:04.912+05:30  INFO 26848 --- [tms-backend] [           main] t.c.s.AnnotationConfigContextLoaderUtils : Could not detect default configuration classes for test class [com.company.tms.controller.TimesheetControllerTest$SubmitTimesheet]: SubmitTimesheet does not declare any static, non-private, non-final, nested classes annotated with @Configuration.
2026-03-23T13:09:04.930+05:30  INFO 26848 --- [tms-backend] [           main] .b.t.c.SpringBootTestContextBootstrapper : Found @SpringBootConfiguration com.company.tms.TmsBackendApplication for test class com.company.tms.controller.TimesheetControllerTest$SubmitTimesheet
2026-03-23T13:09:04.947+05:30  WARN 26848 --- [tms-backend] [           main] c.c.t.exception.GlobalExceptionHandler   : Invalid timesheet state transition: Cannot submit APPROVED timesheet
[INFO] Tests run: 2, Failures: 0, Errors: 0, Skipped: 0, Time elapsed: 0.059 s -- in com.company.tms.controller.TimesheetControllerTest$SubmitTimesheet
[INFO] Running com.company.tms.controller.TimesheetControllerTest$GetTimesheetById
2026-03-23T13:09:04.974+05:30  INFO 26848 --- [tms-backend] [           main] t.c.s.AnnotationConfigContextLoaderUtils : Could not detect default configuration classes for test class [com.company.tms.controller.TimesheetControllerTest$GetTimesheetById]: GetTimesheetById does not declare any static, non-private, non-final, nested classes annotated with @Configuration.
2026-03-23T13:09:04.984+05:30  INFO 26848 --- [tms-backend] [           main] .b.t.c.SpringBootTestContextBootstrapper : Found @SpringBootConfiguration com.company.tms.TmsBackendApplication for test class com.company.tms.controller.TimesheetControllerTest$GetTimesheetById
2026-03-23T13:09:05.002+05:30  WARN 26848 --- [tms-backend] [           main] c.c.t.exception.GlobalExceptionHandler   : Resource not found: Timesheet not found with id: '999'
[INFO] Tests run: 2, Failures: 0, Errors: 0, Skipped: 0, Time elapsed: 0.049 s -- in com.company.tms.controller.TimesheetControllerTest$GetTimesheetById
[INFO] Running com.company.tms.controller.TimesheetControllerTest$CreateTimesheet
2026-03-23T13:09:05.024+05:30  INFO 26848 --- [tms-backend] [           main] t.c.s.AnnotationConfigContextLoaderUtils : Could not detect default configuration classes for test class [com.company.tms.controller.TimesheetControllerTest$CreateTimesheet]: CreateTimesheet does not declare any static, non-private, non-final, nested classes annotated with @Configuration.
2026-03-23T13:09:05.035+05:30  INFO 26848 --- [tms-backend] [           main] .b.t.c.SpringBootTestContextBootstrapper : Found @SpringBootConfiguration com.company.tms.TmsBackendApplication for test class com.company.tms.controller.TimesheetControllerTest$CreateTimesheet
2026-03-23T13:09:05.053+05:30  WARN 26848 --- [tms-backend] [           main] c.c.t.exception.GlobalExceptionHandler   : Validation failed: userId: User ID is required
2026-03-23T13:09:05.077+05:30  WARN 26848 --- [tms-backend] [           main] c.c.t.exception.GlobalExceptionHandler   : Validation error: A timesheet already exists for this week
[INFO] Tests run: 3, Failures: 0, Errors: 0, Skipped: 0, Time elapsed: 0.072 s -- in com.company.tms.controller.TimesheetControllerTest$CreateTimesheet
[INFO] Tests run: 0, Failures: 0, Errors: 0, Skipped: 0, Time elapsed: 1.408 s -- in com.company.tms.controller.TimesheetControllerTest
[INFO] Running com.company.tms.controller.UserControllerTest
2026-03-23T13:09:05.099+05:30  INFO 26848 --- [tms-backend] [           main] t.c.s.AnnotationConfigContextLoaderUtils : Could not detect default configuration classes for test class [com.company.tms.controller.UserControllerTest]: UserControllerTest does not declare any static, non-private, non-final, nested classes annotated with @Configuration.
2026-03-23T13:09:05.108+05:30  INFO 26848 --- [tms-backend] [           main] .b.t.c.SpringBootTestContextBootstrapper : Found @SpringBootConfiguration com.company.tms.TmsBackendApplication for test class com.company.tms.controller.UserControllerTest
[INFO] Running com.company.tms.controller.UserControllerTest$UpdateUser
2026-03-23T13:09:05.111+05:30  INFO 26848 --- [tms-backend] [           main] t.c.s.AnnotationConfigContextLoaderUtils : Could not detect default configuration classes for test class [com.company.tms.controller.UserControllerTest$UpdateUser]: UpdateUser does not declare any static, non-private, non-final, nested classes annotated with @Configuration.
2026-03-23T13:09:05.119+05:30  INFO 26848 --- [tms-backend] [           main] .b.t.c.SpringBootTestContextBootstrapper : Found @SpringBootConfiguration com.company.tms.TmsBackendApplication for test class com.company.tms.controller.UserControllerTest$UpdateUser

  .   ____          _            __ _ _
 /\\ / ___'_ __ _ _(_)_ __  __ _ \ \ \ \
( ( )\___ | '_ | '_| | '_ \/ _` | \ \ \ \
 \\/  ___)| |_)| | | | | || (_| |  ) ) ) )
  '  |____| .__|_| |_|_| |_\__, | / / / /
 =========|_|==============|___/=/_/_/_/
 :: Spring Boot ::                (v3.2.3)

2026-03-23T13:09:05.164+05:30  INFO 26848 --- [tms-backend] [           main] c.c.tms.controller.UserControllerTest    : Starting UserControllerTest using Java 21.0.1 with PID 26848 (started by MiliSrivastava in C:\Users\milisrivastava\Documents\tms-copilot\tms-backend)
2026-03-23T13:09:05.165+05:30  INFO 26848 --- [tms-backend] [           main] c.c.tms.controller.UserControllerTest    : No active profile set, falling back to 1 default profile: "default"
2026-03-23T13:09:05.740+05:30  INFO 26848 --- [tms-backend] [           main] o.s.b.t.m.w.SpringBootMockServletContext : Initializing Spring TestDispatcherServlet ''
2026-03-23T13:09:05.741+05:30  INFO 26848 --- [tms-backend] [           main] o.s.t.web.servlet.TestDispatcherServlet  : Initializing Servlet ''
2026-03-23T13:09:05.742+05:30  INFO 26848 --- [tms-backend] [           main] o.s.t.web.servlet.TestDispatcherServlet  : Completed initialization in 0 ms
2026-03-23T13:09:05.749+05:30  INFO 26848 --- [tms-backend] [           main] c.c.tms.controller.UserControllerTest    : Started UserControllerTest in 0.624 seconds (process running for 14.101)
2026-03-23T13:09:05.791+05:30  INFO 26848 --- [tms-backend] [           main] c.c.tms.user.controller.UserController   : PUT /api/v1/users/bb603710-6af3-46d1-a759-7f51c976a318
[INFO] Tests run: 1, Failures: 0, Errors: 0, Skipped: 0, Time elapsed: 0.692 s -- in com.company.tms.controller.UserControllerTest$UpdateUser
[INFO] Running com.company.tms.controller.UserControllerTest$DeactivateUser
2026-03-23T13:09:05.805+05:30  INFO 26848 --- [tms-backend] [           main] t.c.s.AnnotationConfigContextLoaderUtils : Could not detect default configuration classes for test class [com.company.tms.controller.UserControllerTest$DeactivateUser]: DeactivateUser does not declare any static, non-private, non-final, nested classes annotated with @Configuration.
2026-03-23T13:09:05.818+05:30  INFO 26848 --- [tms-backend] [           main] .b.t.c.SpringBootTestContextBootstrapper : Found @SpringBootConfiguration com.company.tms.TmsBackendApplication for test class com.company.tms.controller.UserControllerTest$DeactivateUser
2026-03-23T13:09:05.828+05:30  INFO 26848 --- [tms-backend] [           main] c.c.tms.user.controller.UserController   : DELETE /api/v1/users/9e210621-4514-4178-97cf-02b6a67dae24
2026-03-23T13:09:05.844+05:30  WARN 26848 --- [tms-backend] [           main] c.c.t.exception.GlobalExceptionHandler   : Access denied: Access Denied
[INFO] Tests run: 2, Failures: 0, Errors: 0, Skipped: 0, Time elapsed: 0.046 s -- in com.company.tms.controller.UserControllerTest$DeactivateUser
[INFO] Running com.company.tms.controller.UserControllerTest$CreateUser
2026-03-23T13:09:05.854+05:30  INFO 26848 --- [tms-backend] [           main] t.c.s.AnnotationConfigContextLoaderUtils : Could not detect default configuration classes for test class [com.company.tms.controller.UserControllerTest$CreateUser]: CreateUser does not declare any static, non-private, non-final, nested classes annotated with @Configuration.
2026-03-23T13:09:05.862+05:30  INFO 26848 --- [tms-backend] [           main] .b.t.c.SpringBootTestContextBootstrapper : Found @SpringBootConfiguration com.company.tms.TmsBackendApplication for test class com.company.tms.controller.UserControllerTest$CreateUser
2026-03-23T13:09:05.887+05:30  WARN 26848 --- [tms-backend] [           main] c.c.t.exception.GlobalExceptionHandler   : Validation failed: roleName: Role is required
2026-03-23T13:09:05.904+05:30  INFO 26848 --- [tms-backend] [           main] c.c.tms.user.controller.UserController   : POST /api/v1/users - creating user with email: alice.smith@company.com
2026-03-23T13:09:05.922+05:30  WARN 26848 --- [tms-backend] [           main] c.c.t.exception.GlobalExceptionHandler   : Validation failed: email: Email must be a valid email address
2026-03-23T13:09:05.936+05:30  WARN 26848 --- [tms-backend] [           main] c.c.t.exception.GlobalExceptionHandler   : Validation failed: name: Name is required
2026-03-23T13:09:05.950+05:30  INFO 26848 --- [tms-backend] [           main] c.c.tms.user.controller.UserController   : POST /api/v1/users - creating user with email: alice.smith@company.com
2026-03-23T13:09:05.952+05:30  WARN 26848 --- [tms-backend] [           main] c.c.t.exception.GlobalExceptionHandler   : Validation error: Email already exists: alice.smith@company.com
2026-03-23T13:09:05.964+05:30  INFO 26848 --- [tms-backend] [           main] c.c.tms.user.controller.UserController   : POST /api/v1/users - creating user with email: alice.smith@company.com
2026-03-23T13:09:05.978+05:30  WARN 26848 --- [tms-backend] [           main] c.c.t.exception.GlobalExceptionHandler   : Validation failed: password: Password must be between 8 and 100 characters
2026-03-23T13:09:05.996+05:30  WARN 26848 --- [tms-backend] [           main] c.c.t.exception.GlobalExceptionHandler   : Access denied: Access Denied
[INFO] Tests run: 9, Failures: 0, Errors: 0, Skipped: 0, Time elapsed: 0.149 s -- in com.company.tms.controller.UserControllerTest$CreateUser
[INFO] Running com.company.tms.controller.UserControllerTest$GetUserById
2026-03-23T13:09:06.005+05:30  INFO 26848 --- [tms-backend] [           main] t.c.s.AnnotationConfigContextLoaderUtils : Could not detect default configuration classes for test class [com.company.tms.controller.UserControllerTest$GetUserById]: GetUserById does not declare any static, non-private, non-final, nested classes annotated with @Configuration.
2026-03-23T13:09:06.013+05:30  INFO 26848 --- [tms-backend] [           main] .b.t.c.SpringBootTestContextBootstrapper : Found @SpringBootConfiguration com.company.tms.TmsBackendApplication for test class com.company.tms.controller.UserControllerTest$GetUserById
2026-03-23T13:09:06.033+05:30  WARN 26848 --- [tms-backend] [           main] c.c.t.exception.GlobalExceptionHandler   : Resource not found: User not found with id: '9ece25b8-0930-4d95-934c-259aba3d76f5'
[INFO] Tests run: 2, Failures: 0, Errors: 0, Skipped: 0, Time elapsed: 0.052 s -- in com.company.tms.controller.UserControllerTest$GetUserById
[INFO] Running com.company.tms.controller.UserControllerTest$GetAllUsers
2026-03-23T13:09:06.059+05:30  INFO 26848 --- [tms-backend] [           main] t.c.s.AnnotationConfigContextLoaderUtils : Could not detect default configuration classes for test class [com.company.tms.controller.UserControllerTest$GetAllUsers]: GetAllUsers does not declare any static, non-private, non-final, nested classes annotated with @Configuration.
2026-03-23T13:09:06.070+05:30  INFO 26848 --- [tms-backend] [           main] .b.t.c.SpringBootTestContextBootstrapper : Found @SpringBootConfiguration com.company.tms.TmsBackendApplication for test class com.company.tms.controller.UserControllerTest$GetAllUsers
[INFO] Tests run: 2, Failures: 0, Errors: 0, Skipped: 0, Time elapsed: 0.067 s -- in com.company.tms.controller.UserControllerTest$GetAllUsers
[INFO] Tests run: 0, Failures: 0, Errors: 0, Skipped: 0, Time elapsed: 1.027 s -- in com.company.tms.controller.UserControllerTest
[INFO] Running com.company.tms.exception.GlobalExceptionHandlerTest
2026-03-23T13:09:06.167+05:30  INFO 26848 --- [tms-backend] [           main] o.s.mock.web.MockServletContext          : Initializing Spring TestDispatcherServlet ''
2026-03-23T13:09:06.167+05:30  INFO 26848 --- [tms-backend] [           main] o.s.t.web.servlet.TestDispatcherServlet  : Initializing Servlet ''
2026-03-23T13:09:06.168+05:30  INFO 26848 --- [tms-backend] [           main] o.s.t.web.servlet.TestDispatcherServlet  : Completed initialization in 1 ms
2026-03-23T13:09:06.169+05:30  WARN 26848 --- [tms-backend] [           main] c.c.t.exception.GlobalExceptionHandler   : Access denied: Access is denied
2026-03-23T13:09:06.200+05:30  INFO 26848 --- [tms-backend] [           main] o.s.mock.web.MockServletContext          : Initializing Spring TestDispatcherServlet ''
2026-03-23T13:09:06.200+05:30  INFO 26848 --- [tms-backend] [           main] o.s.t.web.servlet.TestDispatcherServlet  : Initializing Servlet ''
2026-03-23T13:09:06.201+05:30  INFO 26848 --- [tms-backend] [           main] o.s.t.web.servlet.TestDispatcherServlet  : Completed initialization in 1 ms
2026-03-23T13:09:06.202+05:30  WARN 26848 --- [tms-backend] [           main] c.c.t.exception.GlobalExceptionHandler   : Timesheet locked: Timesheet 1 cannot be modified in LOCKED state
2026-03-23T13:09:06.244+05:30  INFO 26848 --- [tms-backend] [           main] o.s.mock.web.MockServletContext          : Initializing Spring TestDispatcherServlet ''
2026-03-23T13:09:06.244+05:30  INFO 26848 --- [tms-backend] [           main] o.s.t.web.servlet.TestDispatcherServlet  : Initializing Servlet ''
2026-03-23T13:09:06.244+05:30  INFO 26848 --- [tms-backend] [           main] o.s.t.web.servlet.TestDispatcherServlet  : Completed initialization in 0 ms
2026-03-23T13:09:06.249+05:30  WARN 26848 --- [tms-backend] [           main] c.c.t.exception.GlobalExceptionHandler   : Insufficient leave balance: Insufficient balance. Requested: 10, Available: 3
2026-03-23T13:09:06.296+05:30  INFO 26848 --- [tms-backend] [           main] o.s.mock.web.MockServletContext          : Initializing Spring TestDispatcherServlet ''
2026-03-23T13:09:06.296+05:30  INFO 26848 --- [tms-backend] [           main] o.s.t.web.servlet.TestDispatcherServlet  : Initializing Servlet ''
2026-03-23T13:09:06.296+05:30  INFO 26848 --- [tms-backend] [           main] o.s.t.web.servlet.TestDispatcherServlet  : Completed initialization in 0 ms
2026-03-23T13:09:06.299+05:30  WARN 26848 --- [tms-backend] [           main] c.c.t.exception.GlobalExceptionHandler   : Leave overlap detected: Leave dates overlap with existing approved leave
2026-03-23T13:09:06.341+05:30  INFO 26848 --- [tms-backend] [           main] o.s.mock.web.MockServletContext          : Initializing Spring TestDispatcherServlet ''
2026-03-23T13:09:06.342+05:30  INFO 26848 --- [tms-backend] [           main] o.s.t.web.servlet.TestDispatcherServlet  : Initializing Servlet ''
2026-03-23T13:09:06.342+05:30  INFO 26848 --- [tms-backend] [           main] o.s.t.web.servlet.TestDispatcherServlet  : Completed initialization in 0 ms
2026-03-23T13:09:06.374+05:30  WARN 26848 --- [tms-backend] [           main] c.c.t.exception.GlobalExceptionHandler   : Validation failed: email: must be valid email, name: name is required
2026-03-23T13:09:06.417+05:30  INFO 26848 --- [tms-backend] [           main] o.s.mock.web.MockServletContext          : Initializing Spring TestDispatcherServlet ''
2026-03-23T13:09:06.417+05:30  INFO 26848 --- [tms-backend] [           main] o.s.t.web.servlet.TestDispatcherServlet  : Initializing Servlet ''
2026-03-23T13:09:06.418+05:30  INFO 26848 --- [tms-backend] [           main] o.s.t.web.servlet.TestDispatcherServlet  : Completed initialization in 1 ms
2026-03-23T13:09:06.419+05:30 ERROR 26848 --- [tms-backend] [           main] c.c.t.exception.GlobalExceptionHandler   : Unexpected error occurred: Unexpected database connection error

java.lang.RuntimeException: Unexpected database connection error
	at com.company.tms.exception.GlobalExceptionHandlerTest$TestExceptionController.genericError(GlobalExceptionHandlerTest.java:125) ~[test-classes/:na]
	at java.base/jdk.internal.reflect.DirectMethodHandleAccessor.invoke(DirectMethodHandleAccessor.java:103) ~[na:na]
	at java.base/java.lang.reflect.Method.invoke(Method.java:580) ~[na:na]
	at org.springframework.web.method.support.InvocableHandlerMethod.doInvoke(InvocableHandlerMethod.java:259) ~[spring-web-6.1.4.jar:6.1.4]
	at org.springframework.web.method.support.InvocableHandlerMethod.invokeForRequest(InvocableHandlerMethod.java:192) ~[spring-web-6.1.4.jar:6.1.4]
	at org.springframework.web.servlet.mvc.method.annotation.ServletInvocableHandlerMethod.invokeAndHandle(ServletInvocableHandlerMethod.java:118) ~[spring-webmvc-6.1.4.jar:6.1.4]
	at org.springframework.web.servlet.mvc.method.annotation.RequestMappingHandlerAdapter.invokeHandlerMethod(RequestMappingHandlerAdapter.java:920) ~[spring-webmvc-6.1.4.jar:6.1.4]
	at org.springframework.web.servlet.mvc.method.annotation.RequestMappingHandlerAdapter.handleInternal(RequestMappingHandlerAdapter.java:830) ~[spring-webmvc-6.1.4.jar:6.1.4]
	at org.springframework.web.servlet.mvc.method.AbstractHandlerMethodAdapter.handle(AbstractHandlerMethodAdapter.java:87) ~[spring-webmvc-6.1.4.jar:6.1.4]
	at org.springframework.web.servlet.DispatcherServlet.doDispatch(DispatcherServlet.java:1089) ~[spring-webmvc-6.1.4.jar:6.1.4]
	at org.springframework.web.servlet.DispatcherServlet.doService(DispatcherServlet.java:979) ~[spring-webmvc-6.1.4.jar:6.1.4]
	at org.springframework.web.servlet.FrameworkServlet.processRequest(FrameworkServlet.java:1014) ~[spring-webmvc-6.1.4.jar:6.1.4]
	at org.springframework.web.servlet.FrameworkServlet.doGet(FrameworkServlet.java:903) ~[spring-webmvc-6.1.4.jar:6.1.4]
	at jakarta.servlet.http.HttpServlet.service(HttpServlet.java:564) ~[tomcat-embed-core-10.1.19.jar:6.0]
	at org.springframework.web.servlet.FrameworkServlet.service(FrameworkServlet.java:885) ~[spring-webmvc-6.1.4.jar:6.1.4]
	at org.springframework.test.web.servlet.TestDispatcherServlet.service(TestDispatcherServlet.java:72) ~[spring-test-6.1.4.jar:6.1.4]
	at jakarta.servlet.http.HttpServlet.service(HttpServlet.java:658) ~[tomcat-embed-core-10.1.19.jar:6.0]
	at org.springframework.mock.web.MockFilterChain$ServletFilterProxy.doFilter(MockFilterChain.java:165) ~[spring-test-6.1.4.jar:6.1.4]
	at org.springframework.mock.web.MockFilterChain.doFilter(MockFilterChain.java:132) ~[spring-test-6.1.4.jar:6.1.4]
	at org.springframework.test.web.servlet.MockMvc.perform(MockMvc.java:201) ~[spring-test-6.1.4.jar:6.1.4]
	at com.company.tms.exception.GlobalExceptionHandlerTest.handleGenericException_Returns500(GlobalExceptionHandlerTest.java:242) ~[test-classes/:na]
	at java.base/jdk.internal.reflect.DirectMethodHandleAccessor.invoke(DirectMethodHandleAccessor.java:103) ~[na:na]
	at java.base/java.lang.reflect.Method.invoke(Method.java:580) ~[na:na]
	at org.junit.platform.commons.util.ReflectionUtils.invokeMethod(ReflectionUtils.java:728) ~[junit-platform-commons-1.10.2.jar:1.10.2]
	at org.junit.jupiter.engine.execution.MethodInvocation.proceed(MethodInvocation.java:60) ~[junit-jupiter-engine-5.10.2.jar:5.10.2]
	at org.junit.jupiter.engine.execution.InvocationInterceptorChain$ValidatingInvocation.proceed(InvocationInterceptorChain.java:131) ~[junit-jupiter-engine-5.10.2.jar:5.10.2]
	at org.junit.jupiter.engine.extension.TimeoutExtension.intercept(TimeoutExtension.java:156) ~[junit-jupiter-engine-5.10.2.jar:5.10.2]
	at org.junit.jupiter.engine.extension.TimeoutExtension.interceptTestableMethod(TimeoutExtension.java:147) ~[junit-jupiter-engine-5.10.2.jar:5.10.2]
	at org.junit.jupiter.engine.extension.TimeoutExtension.interceptTestMethod(TimeoutExtension.java:86) ~[junit-jupiter-engine-5.10.2.jar:5.10.2]
	at org.junit.jupiter.engine.execution.InterceptingExecutableInvoker$ReflectiveInterceptorCall.lambda$ofVoidMethod$0(InterceptingExecutableInvoker.java:103) ~[junit-jupiter-engine-5.10.2.jar:5.10.2]
	at org.junit.jupiter.engine.execution.InterceptingExecutableInvoker.lambda$invoke$0(InterceptingExecutableInvoker.java:93) ~[junit-jupiter-engine-5.10.2.jar:5.10.2]
	at org.junit.jupiter.engine.execution.InvocationInterceptorChain$InterceptedInvocation.proceed(InvocationInterceptorChain.java:106) ~[junit-jupiter-engine-5.10.2.jar:5.10.2]
	at org.junit.jupiter.engine.execution.InvocationInterceptorChain.proceed(InvocationInterceptorChain.java:64) ~[junit-jupiter-engine-5.10.2.jar:5.10.2]
	at org.junit.jupiter.engine.execution.InvocationInterceptorChain.chainAndInvoke(InvocationInterceptorChain.java:45) ~[junit-jupiter-engine-5.10.2.jar:5.10.2]
	at org.junit.jupiter.engine.execution.InvocationInterceptorChain.invoke(InvocationInterceptorChain.java:37) ~[junit-jupiter-engine-5.10.2.jar:5.10.2]
	at org.junit.jupiter.engine.execution.InterceptingExecutableInvoker.invoke(InterceptingExecutableInvoker.java:92) ~[junit-jupiter-engine-5.10.2.jar:5.10.2]
	at org.junit.jupiter.engine.execution.InterceptingExecutableInvoker.invoke(InterceptingExecutableInvoker.java:86) ~[junit-jupiter-engine-5.10.2.jar:5.10.2]
	at org.junit.jupiter.engine.descriptor.TestMethodTestDescriptor.lambda$invokeTestMethod$7(TestMethodTestDescriptor.java:218) ~[junit-jupiter-engine-5.10.2.jar:5.10.2]
	at org.junit.platform.engine.support.hierarchical.ThrowableCollector.execute(ThrowableCollector.java:73) ~[junit-platform-engine-1.10.2.jar:1.10.2]
	at org.junit.jupiter.engine.descriptor.TestMethodTestDescriptor.invokeTestMethod(TestMethodTestDescriptor.java:214) ~[junit-jupiter-engine-5.10.2.jar:5.10.2]
	at org.junit.jupiter.engine.descriptor.TestMethodTestDescriptor.execute(TestMethodTestDescriptor.java:139) ~[junit-jupiter-engine-5.10.2.jar:5.10.2]
	at org.junit.jupiter.engine.descriptor.TestMethodTestDescriptor.execute(TestMethodTestDescriptor.java:69) ~[junit-jupiter-engine-5.10.2.jar:5.10.2]
	at org.junit.platform.engine.support.hierarchical.NodeTestTask.lambda$executeRecursively$6(NodeTestTask.java:151) ~[junit-platform-engine-1.10.2.jar:1.10.2]
	at org.junit.platform.engine.support.hierarchical.ThrowableCollector.execute(ThrowableCollector.java:73) ~[junit-platform-engine-1.10.2.jar:1.10.2]
	at org.junit.platform.engine.support.hierarchical.NodeTestTask.lambda$executeRecursively$8(NodeTestTask.java:141) ~[junit-platform-engine-1.10.2.jar:1.10.2]
	at org.junit.platform.engine.support.hierarchical.Node.around(Node.java:137) ~[junit-platform-engine-1.10.2.jar:1.10.2]
	at org.junit.platform.engine.support.hierarchical.NodeTestTask.lambda$executeRecursively$9(NodeTestTask.java:139) ~[junit-platform-engine-1.10.2.jar:1.10.2]
	at org.junit.platform.engine.support.hierarchical.ThrowableCollector.execute(ThrowableCollector.java:73) ~[junit-platform-engine-1.10.2.jar:1.10.2]
	at org.junit.platform.engine.support.hierarchical.NodeTestTask.executeRecursively(NodeTestTask.java:138) ~[junit-platform-engine-1.10.2.jar:1.10.2]
	at org.junit.platform.engine.support.hierarchical.NodeTestTask.execute(NodeTestTask.java:95) ~[junit-platform-engine-1.10.2.jar:1.10.2]
	at java.base/java.util.ArrayList.forEach(ArrayList.java:1596) ~[na:na]
	at org.junit.platform.engine.support.hierarchical.SameThreadHierarchicalTestExecutorService.invokeAll(SameThreadHierarchicalTestExecutorService.java:41) ~[junit-platform-engine-1.10.2.jar:1.10.2]
	at org.junit.platform.engine.support.hierarchical.NodeTestTask.lambda$executeRecursively$6(NodeTestTask.java:155) ~[junit-platform-engine-1.10.2.jar:1.10.2]
	at org.junit.platform.engine.support.hierarchical.ThrowableCollector.execute(ThrowableCollector.java:73) ~[junit-platform-engine-1.10.2.jar:1.10.2]
	at org.junit.platform.engine.support.hierarchical.NodeTestTask.lambda$executeRecursively$8(NodeTestTask.java:141) ~[junit-platform-engine-1.10.2.jar:1.10.2]
	at org.junit.platform.engine.support.hierarchical.Node.around(Node.java:137) ~[junit-platform-engine-1.10.2.jar:1.10.2]
	at org.junit.platform.engine.support.hierarchical.NodeTestTask.lambda$executeRecursively$9(NodeTestTask.java:139) ~[junit-platform-engine-1.10.2.jar:1.10.2]
	at org.junit.platform.engine.support.hierarchical.ThrowableCollector.execute(ThrowableCollector.java:73) ~[junit-platform-engine-1.10.2.jar:1.10.2]
	at org.junit.platform.engine.support.hierarchical.NodeTestTask.executeRecursively(NodeTestTask.java:138) ~[junit-platform-engine-1.10.2.jar:1.10.2]
	at org.junit.platform.engine.support.hierarchical.NodeTestTask.execute(NodeTestTask.java:95) ~[junit-platform-engine-1.10.2.jar:1.10.2]
	at java.base/java.util.ArrayList.forEach(ArrayList.java:1596) ~[na:na]
	at org.junit.platform.engine.support.hierarchical.SameThreadHierarchicalTestExecutorService.invokeAll(SameThreadHierarchicalTestExecutorService.java:41) ~[junit-platform-engine-1.10.2.jar:1.10.2]
	at org.junit.platform.engine.support.hierarchical.NodeTestTask.lambda$executeRecursively$6(NodeTestTask.java:155) ~[junit-platform-engine-1.10.2.jar:1.10.2]
	at org.junit.platform.engine.support.hierarchical.ThrowableCollector.execute(ThrowableCollector.java:73) ~[junit-platform-engine-1.10.2.jar:1.10.2]
	at org.junit.platform.engine.support.hierarchical.NodeTestTask.lambda$executeRecursively$8(NodeTestTask.java:141) ~[junit-platform-engine-1.10.2.jar:1.10.2]
	at org.junit.platform.engine.support.hierarchical.Node.around(Node.java:137) ~[junit-platform-engine-1.10.2.jar:1.10.2]
	at org.junit.platform.engine.support.hierarchical.NodeTestTask.lambda$executeRecursively$9(NodeTestTask.java:139) ~[junit-platform-engine-1.10.2.jar:1.10.2]
	at org.junit.platform.engine.support.hierarchical.ThrowableCollector.execute(ThrowableCollector.java:73) ~[junit-platform-engine-1.10.2.jar:1.10.2]
	at org.junit.platform.engine.support.hierarchical.NodeTestTask.executeRecursively(NodeTestTask.java:138) ~[junit-platform-engine-1.10.2.jar:1.10.2]
	at org.junit.platform.engine.support.hierarchical.NodeTestTask.execute(NodeTestTask.java:95) ~[junit-platform-engine-1.10.2.jar:1.10.2]
	at org.junit.platform.engine.support.hierarchical.SameThreadHierarchicalTestExecutorService.submit(SameThreadHierarchicalTestExecutorService.java:35) ~[junit-platform-engine-1.10.2.jar:1.10.2]
	at org.junit.platform.engine.support.hierarchical.HierarchicalTestExecutor.execute(HierarchicalTestExecutor.java:57) ~[junit-platform-engine-1.10.2.jar:1.10.2]
	at org.junit.platform.engine.support.hierarchical.HierarchicalTestEngine.execute(HierarchicalTestEngine.java:54) ~[junit-platform-engine-1.10.2.jar:1.10.2]
	at org.junit.platform.launcher.core.EngineExecutionOrchestrator.execute(EngineExecutionOrchestrator.java:198) ~[junit-platform-launcher-1.10.2.jar:1.10.2]
	at org.junit.platform.launcher.core.EngineExecutionOrchestrator.execute(EngineExecutionOrchestrator.java:169) ~[junit-platform-launcher-1.10.2.jar:1.10.2]
	at org.junit.platform.launcher.core.EngineExecutionOrchestrator.execute(EngineExecutionOrchestrator.java:93) ~[junit-platform-launcher-1.10.2.jar:1.10.2]
	at org.junit.platform.launcher.core.EngineExecutionOrchestrator.lambda$execute$0(EngineExecutionOrchestrator.java:58) ~[junit-platform-launcher-1.10.2.jar:1.10.2]
	at org.junit.platform.launcher.core.EngineExecutionOrchestrator.withInterceptedStreams(EngineExecutionOrchestrator.java:141) ~[junit-platform-launcher-1.10.2.jar:1.10.2]
	at org.junit.platform.launcher.core.EngineExecutionOrchestrator.execute(EngineExecutionOrchestrator.java:57) ~[junit-platform-launcher-1.10.2.jar:1.10.2]
	at org.junit.platform.launcher.core.DefaultLauncher.execute(DefaultLauncher.java:103) ~[junit-platform-launcher-1.10.2.jar:1.10.2]
	at org.junit.platform.launcher.core.DefaultLauncher.execute(DefaultLauncher.java:85) ~[junit-platform-launcher-1.10.2.jar:1.10.2]
	at org.junit.platform.launcher.core.DelegatingLauncher.execute(DelegatingLauncher.java:47) ~[junit-platform-launcher-1.10.2.jar:1.10.2]
	at org.apache.maven.surefire.junitplatform.LazyLauncher.execute(LazyLauncher.java:56) ~[surefire-junit-platform-3.1.2.jar:3.1.2]
	at org.apache.maven.surefire.junitplatform.JUnitPlatformProvider.execute(JUnitPlatformProvider.java:184) ~[surefire-junit-platform-3.1.2.jar:3.1.2]
	at org.apache.maven.surefire.junitplatform.JUnitPlatformProvider.invokeAllTests(JUnitPlatformProvider.java:148) ~[surefire-junit-platform-3.1.2.jar:3.1.2]
	at org.apache.maven.surefire.junitplatform.JUnitPlatformProvider.invoke(JUnitPlatformProvider.java:122) ~[surefire-junit-platform-3.1.2.jar:3.1.2]
	at org.apache.maven.surefire.booter.ForkedBooter.runSuitesInProcess(ForkedBooter.java:385) ~[surefire-booter-3.1.2.jar:3.1.2]
	at org.apache.maven.surefire.booter.ForkedBooter.execute(ForkedBooter.java:162) ~[surefire-booter-3.1.2.jar:3.1.2]
	at org.apache.maven.surefire.booter.ForkedBooter.run(ForkedBooter.java:507) ~[surefire-booter-3.1.2.jar:3.1.2]
	at org.apache.maven.surefire.booter.ForkedBooter.main(ForkedBooter.java:495) ~[surefire-booter-3.1.2.jar:3.1.2]

2026-03-23T13:09:06.482+05:30  INFO 26848 --- [tms-backend] [           main] o.s.mock.web.MockServletContext          : Initializing Spring TestDispatcherServlet ''
2026-03-23T13:09:06.482+05:30  INFO 26848 --- [tms-backend] [           main] o.s.t.web.servlet.TestDispatcherServlet  : Initializing Servlet ''
2026-03-23T13:09:06.484+05:30  INFO 26848 --- [tms-backend] [           main] o.s.t.web.servlet.TestDispatcherServlet  : Completed initialization in 2 ms
2026-03-23T13:09:06.484+05:30  WARN 26848 --- [tms-backend] [           main] c.c.t.exception.GlobalExceptionHandler   : Time overlap detected: Time overlap detected between 09:00 and 12:00
2026-03-23T13:09:06.524+05:30  INFO 26848 --- [tms-backend] [           main] o.s.mock.web.MockServletContext          : Initializing Spring TestDispatcherServlet ''
2026-03-23T13:09:06.524+05:30  INFO 26848 --- [tms-backend] [           main] o.s.t.web.servlet.TestDispatcherServlet  : Initializing Servlet ''
2026-03-23T13:09:06.524+05:30  INFO 26848 --- [tms-backend] [           main] o.s.t.web.servlet.TestDispatcherServlet  : Completed initialization in 0 ms
2026-03-23T13:09:06.527+05:30  WARN 26848 --- [tms-backend] [           main] c.c.t.exception.GlobalExceptionHandler   : Forbidden: You are not allowed to access this resource
2026-03-23T13:09:06.549+05:30  INFO 26848 --- [tms-backend] [           main] o.s.mock.web.MockServletContext          : Initializing Spring TestDispatcherServlet ''
2026-03-23T13:09:06.549+05:30  INFO 26848 --- [tms-backend] [           main] o.s.t.web.servlet.TestDispatcherServlet  : Initializing Servlet ''
2026-03-23T13:09:06.549+05:30  INFO 26848 --- [tms-backend] [           main] o.s.t.web.servlet.TestDispatcherServlet  : Completed initialization in 0 ms
2026-03-23T13:09:06.551+05:30  WARN 26848 --- [tms-backend] [           main] c.c.t.exception.GlobalExceptionHandler   : Validation error: Field value is invalid
2026-03-23T13:09:06.571+05:30  INFO 26848 --- [tms-backend] [           main] o.s.mock.web.MockServletContext          : Initializing Spring TestDispatcherServlet ''
2026-03-23T13:09:06.571+05:30  INFO 26848 --- [tms-backend] [           main] o.s.t.web.servlet.TestDispatcherServlet  : Initializing Servlet ''
2026-03-23T13:09:06.572+05:30  INFO 26848 --- [tms-backend] [           main] o.s.t.web.servlet.TestDispatcherServlet  : Completed initialization in 1 ms
2026-03-23T13:09:06.574+05:30  WARN 26848 --- [tms-backend] [           main] c.c.t.exception.GlobalExceptionHandler   : Resource not found: Entity not found with id: '5f2f0d7a-8f8b-407a-853a-c9f745b4f17a'
2026-03-23T13:09:06.602+05:30  INFO 26848 --- [tms-backend] [           main] o.s.mock.web.MockServletContext          : Initializing Spring TestDispatcherServlet ''
2026-03-23T13:09:06.602+05:30  INFO 26848 --- [tms-backend] [           main] o.s.t.web.servlet.TestDispatcherServlet  : Initializing Servlet ''
2026-03-23T13:09:06.602+05:30  INFO 26848 --- [tms-backend] [           main] o.s.t.web.servlet.TestDispatcherServlet  : Completed initialization in 0 ms
2026-03-23T13:09:06.605+05:30  WARN 26848 --- [tms-backend] [           main] c.c.t.exception.GlobalExceptionHandler   : Illegal argument: Argument value 'xyz' is not valid
2026-03-23T13:09:06.633+05:30  INFO 26848 --- [tms-backend] [           main] o.s.mock.web.MockServletContext          : Initializing Spring TestDispatcherServlet ''
2026-03-23T13:09:06.633+05:30  INFO 26848 --- [tms-backend] [           main] o.s.t.web.servlet.TestDispatcherServlet  : Initializing Servlet ''
2026-03-23T13:09:06.633+05:30  INFO 26848 --- [tms-backend] [           main] o.s.t.web.servlet.TestDispatcherServlet  : Completed initialization in 0 ms
2026-03-23T13:09:06.640+05:30  WARN 26848 --- [tms-backend] [           main] c.c.t.exception.GlobalExceptionHandler   : Bad credentials login attempt
2026-03-23T13:09:06.668+05:30  INFO 26848 --- [tms-backend] [           main] o.s.mock.web.MockServletContext          : Initializing Spring TestDispatcherServlet ''
2026-03-23T13:09:06.668+05:30  INFO 26848 --- [tms-backend] [           main] o.s.t.web.servlet.TestDispatcherServlet  : Initializing Servlet ''
2026-03-23T13:09:06.668+05:30  INFO 26848 --- [tms-backend] [           main] o.s.t.web.servlet.TestDispatcherServlet  : Completed initialization in 0 ms
2026-03-23T13:09:06.670+05:30  WARN 26848 --- [tms-backend] [           main] c.c.t.exception.GlobalExceptionHandler   : Unauthorized access: JWT token is missing or invalid
2026-03-23T13:09:06.720+05:30  INFO 26848 --- [tms-backend] [           main] o.s.mock.web.MockServletContext          : Initializing Spring TestDispatcherServlet ''
2026-03-23T13:09:06.720+05:30  INFO 26848 --- [tms-backend] [           main] o.s.t.web.servlet.TestDispatcherServlet  : Initializing Servlet ''
2026-03-23T13:09:06.720+05:30  INFO 26848 --- [tms-backend] [           main] o.s.t.web.servlet.TestDispatcherServlet  : Completed initialization in 0 ms
2026-03-23T13:09:06.721+05:30  WARN 26848 --- [tms-backend] [           main] c.c.t.exception.GlobalExceptionHandler   : Invalid timesheet state transition: Timesheet can only be approved from SUBMITTED state
[INFO] Tests run: 14, Failures: 0, Errors: 0, Skipped: 0, Time elapsed: 0.598 s -- in com.company.tms.exception.GlobalExceptionHandlerTest
[INFO] Running com.company.tms.integration.AuthFlowIntegrationTest
2026-03-23T13:09:06.735+05:30  INFO 26848 --- [tms-backend] [           main] t.c.s.AnnotationConfigContextLoaderUtils : Could not detect default configuration classes for test class [com.company.tms.integration.AuthFlowIntegrationTest]: AuthFlowIntegrationTest does not declare any static, non-private, non-final, nested classes annotated with @Configuration.
2026-03-23T13:09:06.816+05:30  INFO 26848 --- [tms-backend] [           main] .b.t.c.SpringBootTestContextBootstrapper : Found @SpringBootConfiguration com.company.tms.TmsBackendApplication for test class com.company.tms.integration.AuthFlowIntegrationTest

  .   ____          _            __ _ _
 /\\ / ___'_ __ _ _(_)_ __  __ _ \ \ \ \
( ( )\___ | '_ | '_| | '_ \/ _` | \ \ \ \
 \\/  ___)| |_)| | | | | || (_| |  ) ) ) )
  '  |____| .__|_| |_|_| |_\__, | / / / /
 =========|_|==============|___/=/_/_/_/
 :: Spring Boot ::                (v3.2.3)

2026-03-23T13:09:08.096+05:30  INFO 26848 --- [tms-backend] [           main] .s.d.r.c.RepositoryConfigurationDelegate : Bootstrapping Spring Data JPA repositories in DEFAULT mode.
2026-03-23T13:09:08.374+05:30  INFO 26848 --- [tms-backend] [           main] .s.d.r.c.RepositoryConfigurationDelegate : Finished Spring Data repository scanning in 265 ms. Found 16 JPA repository interfaces.
2026-03-23T13:09:09.190+05:30  INFO 26848 --- [tms-backend] [           main] o.s.b.w.embedded.tomcat.TomcatWebServer  : Tomcat initialized with port 0 (http)
2026-03-23T13:09:09.208+05:30  INFO 26848 --- [tms-backend] [           main] o.apache.catalina.core.StandardService   : Starting service [Tomcat]
2026-03-23T13:09:09.208+05:30  INFO 26848 --- [tms-backend] [           main] o.apache.catalina.core.StandardEngine    : Starting Servlet engine: [Apache Tomcat/10.1.19]
2026-03-23T13:09:09.324+05:30  INFO 26848 --- [tms-backend] [           main] o.a.c.c.C.[Tomcat].[localhost].[/]       : Initializing Spring embedded WebApplicationContext
2026-03-23T13:09:09.324+05:30  INFO 26848 --- [tms-backend] [           main] w.s.c.ServletWebServerApplicationContext : Root WebApplicationContext: initialization completed in 2366 ms
2026-03-23T13:09:09.578+05:30  INFO 26848 --- [tms-backend] [           main] o.hibernate.jpa.internal.util.LogHelper  : HHH000204: Processing PersistenceUnitInfo [name: default]
2026-03-23T13:09:09.666+05:30  INFO 26848 --- [tms-backend] [           main] org.hibernate.Version                    : HHH000412: Hibernate ORM core version 6.4.4.Final
2026-03-23T13:09:09.712+05:30  INFO 26848 --- [tms-backend] [           main] o.h.c.internal.RegionFactoryInitiator    : HHH000026: Second-level cache disabled
2026-03-23T13:09:09.844+05:30  INFO 26848 --- [tms-backend] [           main] o.s.o.j.p.SpringPersistenceUnitInfo      : No LoadTimeWeaver setup: ignoring JPA class transformer
2026-03-23T13:09:09.876+05:30  INFO 26848 --- [tms-backend] [           main] com.zaxxer.hikari.HikariDataSource       : HikariPool-1 - Starting...
2026-03-23T13:09:10.098+05:30  INFO 26848 --- [tms-backend] [           main] com.zaxxer.hikari.pool.HikariPool        : HikariPool-1 - Added connection conn0: url=jdbc:h2:mem:testdb user=SA
2026-03-23T13:09:10.100+05:30  INFO 26848 --- [tms-backend] [           main] com.zaxxer.hikari.HikariDataSource       : HikariPool-1 - Start completed.
2026-03-23T13:09:10.122+05:30  WARN 26848 --- [tms-backend] [           main] org.hibernate.orm.deprecation            : HHH90000025: H2Dialect does not need to be specified explicitly using 'hibernate.dialect' (remove the property setting and it will be selected by default)
2026-03-23T13:09:11.656+05:30  INFO 26848 --- [tms-backend] [           main] o.h.e.t.j.p.i.JtaPlatformInitiator       : HHH000489: No JTA platform available (set 'hibernate.transaction.jta.platform' to enable JTA platform integration)
2026-03-23T13:09:11.776+05:30  INFO 26848 --- [tms-backend] [           main] j.LocalContainerEntityManagerFactoryBean : Initialized JPA EntityManagerFactory for persistence unit 'default'
2026-03-23T13:09:12.308+05:30  INFO 26848 --- [tms-backend] [           main] o.s.d.j.r.query.QueryEnhancerFactory     : Hibernate is in classpath; If applicable, HQL parser will be used.
2026-03-23T13:09:16.128+05:30  INFO 26848 --- [tms-backend] [           main] o.a.c.c.C.[Tomcat].[localhost].[/]       : Initializing Spring TestDispatcherServlet ''
2026-03-23T13:09:16.128+05:30  INFO 26848 --- [tms-backend] [           main] o.s.t.web.servlet.TestDispatcherServlet  : Initializing Servlet ''
2026-03-23T13:09:16.130+05:30  INFO 26848 --- [tms-backend] [           main] o.s.t.web.servlet.TestDispatcherServlet  : Completed initialization in 2 ms
2026-03-23T13:09:16.266+05:30  INFO 26848 --- [tms-backend] [           main] o.s.b.w.embedded.tomcat.TomcatWebServer  : Tomcat started on port 62768 (http) with context path ''
2026-03-23T13:09:16.794+05:30  WARN 26848 --- [tms-backend] [           main] c.c.t.security.JwtAuthenticationFilter   : JWT authentication failed for request [/api/v1/users]: Malformed protected header JSON: Unable to deserialize: Unexpected character ('?' (code 65533 / 0xfffd)): expected a valid value (JSON String, Number, Array, Object or token 'null', 'true' or 'false')
 at [Source: (InputStreamReader); line: 1, column: 2]
2026-03-23T13:09:17.040+05:30  WARN 26848 --- [tms-backend] [           main] c.c.t.exception.GlobalExceptionHandler   : Bad credentials login attempt
[INFO] Tests run: 5, Failures: 0, Errors: 0, Skipped: 0, Time elapsed: 10.68 s -- in com.company.tms.integration.AuthFlowIntegrationTest
[INFO] Running com.company.tms.integration.LeaveWorkflowIntegrationTest
2026-03-23T13:09:17.410+05:30  INFO 26848 --- [tms-backend] [           main] t.c.s.AnnotationConfigContextLoaderUtils : Could not detect default configuration classes for test class [com.company.tms.integration.LeaveWorkflowIntegrationTest]: LeaveWorkflowIntegrationTest does not declare any static, non-private, non-final, nested classes annotated with @Configuration.
2026-03-23T13:09:17.414+05:30  INFO 26848 --- [tms-backend] [           main] .b.t.c.SpringBootTestContextBootstrapper : Found @SpringBootConfiguration com.company.tms.TmsBackendApplication for test class com.company.tms.integration.LeaveWorkflowIntegrationTest
2026-03-23T13:09:17.846+05:30 ERROR 26848 --- [tms-backend] [    tms-async-2] c.c.t.notification.service.EmailService  : Failed to send HTML email to emp-lv@tms.com: Mail server connection failed. Failed messages: org.eclipse.angus.mail.util.MailConnectException: Couldn't connect to host, port: localhost, 3025; timeout -1;
  nested exception is:
	java.net.ConnectException: Connection refused: connect
2026-03-23T13:09:18.234+05:30  WARN 26848 --- [tms-backend] [           main] c.c.t.exception.GlobalExceptionHandler   : Access denied: Access Denied
[INFO] Tests run: 5, Failures: 0, Errors: 0, Skipped: 0, Time elapsed: 0.827 s -- in com.company.tms.integration.LeaveWorkflowIntegrationTest
[INFO] Running com.company.tms.integration.TimesheetWorkflowIntegrationTest
2026-03-23T13:09:18.241+05:30  INFO 26848 --- [tms-backend] [           main] t.c.s.AnnotationConfigContextLoaderUtils : Could not detect default configuration classes for test class [com.company.tms.integration.TimesheetWorkflowIntegrationTest]: TimesheetWorkflowIntegrationTest does not declare any static, non-private, non-final, nested classes annotated with @Configuration.
2026-03-23T13:09:18.245+05:30  INFO 26848 --- [tms-backend] [           main] .b.t.c.SpringBootTestContextBootstrapper : Found @SpringBootConfiguration com.company.tms.TmsBackendApplication for test class com.company.tms.integration.TimesheetWorkflowIntegrationTest
2026-03-23T13:09:18.652+05:30 ERROR 26848 --- [tms-backend] [    tms-async-1] c.c.t.notification.service.EmailService  : Failed to send HTML email to mgr-ts@tms.com: Mail server connection failed. Failed messages: org.eclipse.angus.mail.util.MailConnectException: Couldn't connect to host, port: localhost, 3025; timeout -1;
  nested exception is:
	java.net.ConnectException: Connection refused: connect
2026-03-23T13:09:18.652+05:30 ERROR 26848 --- [tms-backend] [    tms-async-2] c.c.t.notification.service.EmailService  : Failed to send HTML email to emp-ts@tms.com: Mail server connection failed. Failed messages: org.eclipse.angus.mail.util.MailConnectException: Couldn't connect to host, port: localhost, 3025; timeout -1;
  nested exception is:
	java.net.ConnectException: Connection refused: connect
2026-03-23T13:09:18.760+05:30 ERROR 26848 --- [tms-backend] [    tms-async-1] c.c.t.notification.service.EmailService  : Failed to send HTML email to emp-ts@tms.com: Mail server connection failed. Failed messages: org.eclipse.angus.mail.util.MailConnectException: Couldn't connect to host, port: localhost, 3025; timeout -1;
  nested exception is:
	java.net.ConnectException: Connection refused: connect
2026-03-23T13:09:18.934+05:30  WARN 26848 --- [tms-backend] [           main] c.c.t.exception.GlobalExceptionHandler   : Access denied: Access Denied
[INFO] Tests run: 5, Failures: 0, Errors: 0, Skipped: 0, Time elapsed: 0.698 s -- in com.company.tms.integration.TimesheetWorkflowIntegrationTest
[INFO] Running com.company.tms.repository.LeaveRepositoryTest
2026-03-23T13:09:18.941+05:30  INFO 26848 --- [tms-backend] [           main] t.c.s.AnnotationConfigContextLoaderUtils : Could not detect default configuration classes for test class [com.company.tms.repository.LeaveRepositoryTest]: LeaveRepositoryTest does not declare any static, non-private, non-final, nested classes annotated with @Configuration.
2026-03-23T13:09:18.977+05:30  INFO 26848 --- [tms-backend] [           main] .b.t.c.SpringBootTestContextBootstrapper : Found @SpringBootConfiguration com.company.tms.TmsBackendApplication for test class com.company.tms.repository.LeaveRepositoryTest

  .   ____          _            __ _ _
 /\\ / ___'_ __ _ _(_)_ __  __ _ \ \ \ \
( ( )\___ | '_ | '_| | '_ \/ _` | \ \ \ \
 \\/  ___)| |_)| | | | | || (_| |  ) ) ) )
  '  |____| .__|_| |_|_| |_\__, | / / / /
 =========|_|==============|___/=/_/_/_/
 :: Spring Boot ::                (v3.2.3)

2026-03-23T13:09:19.367+05:30  INFO 26848 --- [tms-backend] [           main] .s.d.r.c.RepositoryConfigurationDelegate : Bootstrapping Spring Data JPA repositories in DEFAULT mode.
2026-03-23T13:09:19.477+05:30  INFO 26848 --- [tms-backend] [           main] .s.d.r.c.RepositoryConfigurationDelegate : Finished Spring Data repository scanning in 113 ms. Found 16 JPA repository interfaces.
2026-03-23T13:09:19.583+05:30  INFO 26848 --- [tms-backend] [           main] o.hibernate.jpa.internal.util.LogHelper  : HHH000204: Processing PersistenceUnitInfo [name: default]
2026-03-23T13:09:19.589+05:30  INFO 26848 --- [tms-backend] [           main] o.h.c.internal.RegionFactoryInitiator    : HHH000026: Second-level cache disabled
2026-03-23T13:09:19.598+05:30  INFO 26848 --- [tms-backend] [           main] o.s.o.j.p.SpringPersistenceUnitInfo      : No LoadTimeWeaver setup: ignoring JPA class transformer
2026-03-23T13:09:19.599+05:30  INFO 26848 --- [tms-backend] [           main] com.zaxxer.hikari.HikariDataSource       : HikariPool-2 - Starting...
2026-03-23T13:09:19.602+05:30  INFO 26848 --- [tms-backend] [           main] com.zaxxer.hikari.pool.HikariPool        : HikariPool-2 - Added connection conn5: url=jdbc:h2:mem:testdb user=SA
2026-03-23T13:09:19.602+05:30  INFO 26848 --- [tms-backend] [           main] com.zaxxer.hikari.HikariDataSource       : HikariPool-2 - Start completed.
2026-03-23T13:09:19.602+05:30  WARN 26848 --- [tms-backend] [           main] org.hibernate.orm.deprecation            : HHH90000025: H2Dialect does not need to be specified explicitly using 'hibernate.dialect' (remove the property setting and it will be selected by default)
2026-03-23T13:09:19.940+05:30  INFO 26848 --- [tms-backend] [           main] o.h.e.t.j.p.i.JtaPlatformInitiator       : HHH000489: No JTA platform available (set 'hibernate.transaction.jta.platform' to enable JTA platform integration)
Hibernate: drop table if exists audit_logs cascade 
Hibernate: drop table if exists departments cascade 
Hibernate: drop table if exists email_notifications cascade 
Hibernate: drop table if exists holidays cascade 
Hibernate: drop table if exists leave_balances cascade 
Hibernate: drop table if exists leave_requests cascade 
Hibernate: drop table if exists leave_types cascade 
Hibernate: drop table if exists notifications cascade 
Hibernate: drop table if exists project_assignments cascade 
Hibernate: drop table if exists projects cascade 
Hibernate: drop table if exists roles cascade 
Hibernate: drop table if exists task_comments cascade 
Hibernate: drop table if exists tasks cascade 
Hibernate: drop table if exists time_entries cascade 
Hibernate: drop table if exists timesheets cascade 
Hibernate: drop table if exists users cascade 
Hibernate: create table audit_logs (created_at timestamp(6) not null, id bigint generated by default as identity, user_id uuid, action varchar(50) not null check (action in ('CREATE','UPDATE','DELETE','SUBMIT','APPROVE','REJECT','LOGIN','LOGOUT')), ip_address varchar(50), entity_type varchar(100), description varchar(500), entity_id varchar(255), new_value TEXT, old_value TEXT, primary key (id))
Hibernate: create table departments (created_at timestamp(6), id bigint generated by default as identity, updated_at timestamp(6), head_id uuid, description varchar(255), name varchar(255) not null, status varchar(255) not null, primary key (id))
Hibernate: create table email_notifications (created_at timestamp(6) not null, id bigint generated by default as identity, sent_at timestamp(6), status varchar(20) not null check (status in ('PENDING','SENT','FAILED')), subject varchar(300) not null, body TEXT not null, recipient_email varchar(255) not null, primary key (id))
Hibernate: create table holidays (holiday_date date not null unique, is_optional boolean not null, created_at timestamp(6) not null, id bigint generated by default as identity, updated_at timestamp(6), name varchar(150) not null, description varchar(500), type varchar(255) not null check (type in ('NATIONAL','COMPANY','REGIONAL')), primary key (id))
Hibernate: create table leave_balances (remaining_leaves integer not null, total_allocated integer not null, used_leaves integer not null, year integer not null, created_at timestamp(6) not null, id bigint generated by default as identity, leave_type_id bigint not null, updated_at timestamp(6), user_id uuid not null, primary key (id), constraint uk_leave_balances_user_type_year unique (user_id, leave_type_id, year))
Hibernate: create table leave_requests (end_date date not null, start_date date not null, total_days integer not null, applied_at timestamp(6) not null, approved_at timestamp(6), id bigint generated by default as identity, leave_type_id bigint not null, approved_by uuid, user_id uuid not null, rejection_reason varchar(500), reason varchar(1000), status varchar(255) not null check (status in ('PENDING','APPROVED','REJECTED','CANCELLED')), primary key (id))
Hibernate: create table leave_types (default_annual_allocation integer not null, requires_approval boolean not null, created_at timestamp(6) not null, id bigint generated by default as identity, updated_at timestamp(6), name varchar(100) not null unique, description varchar(500), primary key (id))
Hibernate: create table notifications (is_read boolean not null, created_at timestamp(6) not null, id bigint generated by default as identity, user_id uuid not null, type varchar(50) not null check (type in ('TIMESHEET_SUBMITTED','TIMESHEET_APPROVED','TIMESHEET_REJECTED','LEAVE_APPLIED','LEAVE_APPROVED','LEAVE_REJECTED','TASK_ASSIGNED','PROJECT_ASSIGNED')), reference_type varchar(100), title varchar(200) not null, message varchar(1000) not null, reference_id varchar(255), primary key (id))
Hibernate: create table project_assignments (allocation_percentage numeric(5,2), end_date date, start_date date, created_at timestamp(6), id bigint generated by default as identity, project_id bigint not null, user_id uuid not null, role varchar(50) check (role in ('PROJECT_MANAGER','TECH_LEAD','DEVELOPER','TESTER','DESIGNER','BUSINESS_ANALYST','DEVOPS','CONSULTANT')), primary key (id), constraint uk_project_assignment_user_project unique (project_id, user_id))
Hibernate: create table projects (end_date date, start_date date, created_at timestamp(6), department_id bigint, id bigint generated by default as identity, updated_at timestamp(6), project_manager_id uuid, project_code varchar(30) not null unique, client_name varchar(150), name varchar(150) not null, description varchar(1000), status varchar(255) not null check (status in ('PLANNED','ACTIVE','ON_HOLD','COMPLETED','CANCELLED')), primary key (id))
Hibernate: create table roles (id bigint generated by default as identity, name varchar(20) not null unique check (name in ('ADMIN','HR','HR_MANAGER','MANAGER','DIRECTOR','EMPLOYEE')), primary key (id))
Hibernate: create table task_comments (created_at timestamp(6), id bigint generated by default as identity, task_id bigint not null, user_id uuid not null, comment varchar(2000) not null, primary key (id))
Hibernate: create table tasks (due_date date, estimated_hours numeric(6,2), start_date date, created_at timestamp(6), id bigint generated by default as identity, project_id bigint not null, updated_at timestamp(6), assigned_user_id uuid, created_by_user_id uuid, task_code varchar(30) not null unique, title varchar(200) not null, description varchar(2000), priority varchar(255) not null check (priority in ('LOW','MEDIUM','HIGH','CRITICAL')), status varchar(255) not null check (status in ('TODO','IN_PROGRESS','IN_REVIEW','COMPLETED','BLOCKED')), primary key (id))
Hibernate: create table time_entries (duration_minutes integer not null, end_time time(6) not null, start_time time(6) not null, work_date date not null, created_at timestamp(6) not null, id bigint generated by default as identity, project_id bigint not null, task_id bigint, timesheet_id bigint not null, updated_at timestamp(6), user_id uuid not null, description varchar(1000), task_note varchar(255), primary key (id))
Hibernate: create table timesheets (week_end_date date not null, week_start_date date not null, approved_at timestamp(6), created_at timestamp(6) not null, id bigint generated by default as identity, submitted_at timestamp(6), updated_at timestamp(6), approved_by uuid, user_id uuid not null, rejection_reason varchar(1000), status varchar(255) not null check (status in ('DRAFT','SUBMITTED','APPROVED','REJECTED','LOCKED')), primary key (id), constraint uk_timesheets_user_week unique (user_id, week_start_date))
Hibernate: create table users (joining_date date, created_at timestamp(6), department_id bigint, role_id bigint not null, updated_at timestamp(6), id uuid not null, manager_id uuid, designation varchar(255), email varchar(255) not null unique, employee_id varchar(255) not null unique, employment_type varchar(255) check (employment_type in ('FULL_TIME','PART_TIME','CONTRACT','INTERN')), name varchar(255) not null, password_hash varchar(255) not null, phone varchar(255), status varchar(255) not null check (status in ('ACTIVE','INACTIVE','ON_LEAVE','SUSPENDED','TERMINATED')), primary key (id))
Hibernate: alter table if exists users add constraint FKp56c1712k691lhsyewcssf40f foreign key (role_id) references roles
Hibernate: alter table if exists users add constraint FKsbg59w8q63i0oo53rlgvlcnjq foreign key (department_id) references departments
2026-03-23T13:09:20.005+05:30  INFO 26848 --- [tms-backend] [           main] j.LocalContainerEntityManagerFactoryBean : Initialized JPA EntityManagerFactory for persistence unit 'default'
Hibernate: insert into leave_requests (applied_at,approved_at,approved_by,end_date,leave_type_id,reason,rejection_reason,start_date,status,total_days,user_id,id) values (?,?,?,?,?,?,?,?,?,?,?,default)
Hibernate: insert into leave_requests (applied_at,approved_at,approved_by,end_date,leave_type_id,reason,rejection_reason,start_date,status,total_days,user_id,id) values (?,?,?,?,?,?,?,?,?,?,?,default)
Hibernate: insert into leave_requests (applied_at,approved_at,approved_by,end_date,leave_type_id,reason,rejection_reason,start_date,status,total_days,user_id,id) values (?,?,?,?,?,?,?,?,?,?,?,default)
Hibernate: select l1_0.id,l1_0.applied_at,l1_0.approved_at,l1_0.approved_by,l1_0.end_date,l1_0.leave_type_id,l1_0.reason,l1_0.rejection_reason,l1_0.start_date,l1_0.status,l1_0.total_days,l1_0.user_id from leave_requests l1_0 where l1_0.user_id=?
Hibernate: insert into leave_requests (applied_at,approved_at,approved_by,end_date,leave_type_id,reason,rejection_reason,start_date,status,total_days,user_id,id) values (?,?,?,?,?,?,?,?,?,?,?,default)
Hibernate: insert into leave_requests (applied_at,approved_at,approved_by,end_date,leave_type_id,reason,rejection_reason,start_date,status,total_days,user_id,id) values (?,?,?,?,?,?,?,?,?,?,?,default)
Hibernate: insert into leave_requests (applied_at,approved_at,approved_by,end_date,leave_type_id,reason,rejection_reason,start_date,status,total_days,user_id,id) values (?,?,?,?,?,?,?,?,?,?,?,default)
Hibernate: select l1_0.id,l1_0.applied_at,l1_0.approved_at,l1_0.approved_by,l1_0.end_date,l1_0.leave_type_id,l1_0.reason,l1_0.rejection_reason,l1_0.start_date,l1_0.status,l1_0.total_days,l1_0.user_id from leave_requests l1_0 where l1_0.status=?
Hibernate: insert into leave_requests (applied_at,approved_at,approved_by,end_date,leave_type_id,reason,rejection_reason,start_date,status,total_days,user_id,id) values (?,?,?,?,?,?,?,?,?,?,?,default)
Hibernate: insert into leave_requests (applied_at,approved_at,approved_by,end_date,leave_type_id,reason,rejection_reason,start_date,status,total_days,user_id,id) values (?,?,?,?,?,?,?,?,?,?,?,default)
Hibernate: insert into leave_requests (applied_at,approved_at,approved_by,end_date,leave_type_id,reason,rejection_reason,start_date,status,total_days,user_id,id) values (?,?,?,?,?,?,?,?,?,?,?,default)
Hibernate: select l1_0.id,l1_0.applied_at,l1_0.approved_at,l1_0.approved_by,l1_0.end_date,l1_0.leave_type_id,l1_0.reason,l1_0.rejection_reason,l1_0.start_date,l1_0.status,l1_0.total_days,l1_0.user_id from leave_requests l1_0 where l1_0.user_id=? and l1_0.status='APPROVED' and l1_0.start_date<=? and l1_0.end_date>=? and l1_0.id<>?
Hibernate: insert into leave_requests (applied_at,approved_at,approved_by,end_date,leave_type_id,reason,rejection_reason,start_date,status,total_days,user_id,id) values (?,?,?,?,?,?,?,?,?,?,?,default)
Hibernate: insert into leave_requests (applied_at,approved_at,approved_by,end_date,leave_type_id,reason,rejection_reason,start_date,status,total_days,user_id,id) values (?,?,?,?,?,?,?,?,?,?,?,default)
Hibernate: insert into leave_requests (applied_at,approved_at,approved_by,end_date,leave_type_id,reason,rejection_reason,start_date,status,total_days,user_id,id) values (?,?,?,?,?,?,?,?,?,?,?,default)
Hibernate: select l1_0.id,l1_0.applied_at,l1_0.approved_at,l1_0.approved_by,l1_0.end_date,l1_0.leave_type_id,l1_0.reason,l1_0.rejection_reason,l1_0.start_date,l1_0.status,l1_0.total_days,l1_0.user_id from leave_requests l1_0 where l1_0.user_id=?
Hibernate: insert into leave_requests (applied_at,approved_at,approved_by,end_date,leave_type_id,reason,rejection_reason,start_date,status,total_days,user_id,id) values (?,?,?,?,?,?,?,?,?,?,?,default)
Hibernate: insert into leave_requests (applied_at,approved_at,approved_by,end_date,leave_type_id,reason,rejection_reason,start_date,status,total_days,user_id,id) values (?,?,?,?,?,?,?,?,?,?,?,default)
Hibernate: insert into leave_requests (applied_at,approved_at,approved_by,end_date,leave_type_id,reason,rejection_reason,start_date,status,total_days,user_id,id) values (?,?,?,?,?,?,?,?,?,?,?,default)
Hibernate: select l1_0.id,l1_0.applied_at,l1_0.approved_at,l1_0.approved_by,l1_0.end_date,l1_0.leave_type_id,l1_0.reason,l1_0.rejection_reason,l1_0.start_date,l1_0.status,l1_0.total_days,l1_0.user_id from leave_requests l1_0 where l1_0.user_id in (?,?)
Hibernate: insert into leave_requests (applied_at,approved_at,approved_by,end_date,leave_type_id,reason,rejection_reason,start_date,status,total_days,user_id,id) values (?,?,?,?,?,?,?,?,?,?,?,default)
Hibernate: insert into leave_requests (applied_at,approved_at,approved_by,end_date,leave_type_id,reason,rejection_reason,start_date,status,total_days,user_id,id) values (?,?,?,?,?,?,?,?,?,?,?,default)
Hibernate: insert into leave_requests (applied_at,approved_at,approved_by,end_date,leave_type_id,reason,rejection_reason,start_date,status,total_days,user_id,id) values (?,?,?,?,?,?,?,?,?,?,?,default)
Hibernate: select count(l1_0.id)>0 from leave_requests l1_0 where l1_0.user_id=? and l1_0.status='APPROVED' and l1_0.start_date<=? and l1_0.end_date>=?
Hibernate: insert into leave_requests (applied_at,approved_at,approved_by,end_date,leave_type_id,reason,rejection_reason,start_date,status,total_days,user_id,id) values (?,?,?,?,?,?,?,?,?,?,?,default)
Hibernate: insert into leave_requests (applied_at,approved_at,approved_by,end_date,leave_type_id,reason,rejection_reason,start_date,status,total_days,user_id,id) values (?,?,?,?,?,?,?,?,?,?,?,default)
Hibernate: insert into leave_requests (applied_at,approved_at,approved_by,end_date,leave_type_id,reason,rejection_reason,start_date,status,total_days,user_id,id) values (?,?,?,?,?,?,?,?,?,?,?,default)
Hibernate: select l1_0.id,l1_0.applied_at,l1_0.approved_at,l1_0.approved_by,l1_0.end_date,l1_0.leave_type_id,l1_0.reason,l1_0.rejection_reason,l1_0.start_date,l1_0.status,l1_0.total_days,l1_0.user_id from leave_requests l1_0 where l1_0.user_id=? and l1_0.status='APPROVED' and l1_0.start_date<=? and l1_0.end_date>=? and l1_0.id<>?
Hibernate: insert into leave_requests (applied_at,approved_at,approved_by,end_date,leave_type_id,reason,rejection_reason,start_date,status,total_days,user_id,id) values (?,?,?,?,?,?,?,?,?,?,?,default)
Hibernate: insert into leave_requests (applied_at,approved_at,approved_by,end_date,leave_type_id,reason,rejection_reason,start_date,status,total_days,user_id,id) values (?,?,?,?,?,?,?,?,?,?,?,default)
Hibernate: insert into leave_requests (applied_at,approved_at,approved_by,end_date,leave_type_id,reason,rejection_reason,start_date,status,total_days,user_id,id) values (?,?,?,?,?,?,?,?,?,?,?,default)
Hibernate: select count(l1_0.id)>0 from leave_requests l1_0 where l1_0.user_id=? and l1_0.status='APPROVED' and l1_0.start_date<=? and l1_0.end_date>=?
Hibernate: insert into leave_requests (applied_at,approved_at,approved_by,end_date,leave_type_id,reason,rejection_reason,start_date,status,total_days,user_id,id) values (?,?,?,?,?,?,?,?,?,?,?,default)
Hibernate: insert into leave_requests (applied_at,approved_at,approved_by,end_date,leave_type_id,reason,rejection_reason,start_date,status,total_days,user_id,id) values (?,?,?,?,?,?,?,?,?,?,?,default)
Hibernate: insert into leave_requests (applied_at,approved_at,approved_by,end_date,leave_type_id,reason,rejection_reason,start_date,status,total_days,user_id,id) values (?,?,?,?,?,?,?,?,?,?,?,default)
Hibernate: select l1_0.id,l1_0.applied_at,l1_0.approved_at,l1_0.approved_by,l1_0.end_date,l1_0.leave_type_id,l1_0.reason,l1_0.rejection_reason,l1_0.start_date,l1_0.status,l1_0.total_days,l1_0.user_id from leave_requests l1_0 where l1_0.user_id=? and l1_0.status='APPROVED' and l1_0.start_date<=? and l1_0.end_date>=? and l1_0.id<>?
Hibernate: insert into leave_requests (applied_at,approved_at,approved_by,end_date,leave_type_id,reason,rejection_reason,start_date,status,total_days,user_id,id) values (?,?,?,?,?,?,?,?,?,?,?,default)
Hibernate: insert into leave_requests (applied_at,approved_at,approved_by,end_date,leave_type_id,reason,rejection_reason,start_date,status,total_days,user_id,id) values (?,?,?,?,?,?,?,?,?,?,?,default)
Hibernate: insert into leave_requests (applied_at,approved_at,approved_by,end_date,leave_type_id,reason,rejection_reason,start_date,status,total_days,user_id,id) values (?,?,?,?,?,?,?,?,?,?,?,default)
Hibernate: select count(l1_0.id)>0 from leave_requests l1_0 where l1_0.user_id=? and l1_0.status='APPROVED' and l1_0.start_date<=? and l1_0.end_date>=?
Hibernate: insert into leave_requests (applied_at,approved_at,approved_by,end_date,leave_type_id,reason,rejection_reason,start_date,status,total_days,user_id,id) values (?,?,?,?,?,?,?,?,?,?,?,default)
Hibernate: insert into leave_requests (applied_at,approved_at,approved_by,end_date,leave_type_id,reason,rejection_reason,start_date,status,total_days,user_id,id) values (?,?,?,?,?,?,?,?,?,?,?,default)
Hibernate: insert into leave_requests (applied_at,approved_at,approved_by,end_date,leave_type_id,reason,rejection_reason,start_date,status,total_days,user_id,id) values (?,?,?,?,?,?,?,?,?,?,?,default)
Hibernate: select l1_0.id,l1_0.applied_at,l1_0.approved_at,l1_0.approved_by,l1_0.end_date,l1_0.leave_type_id,l1_0.reason,l1_0.rejection_reason,l1_0.start_date,l1_0.status,l1_0.total_days,l1_0.user_id from leave_requests l1_0 where l1_0.status=?
[INFO] Tests run: 11, Failures: 0, Errors: 0, Skipped: 0, Time elapsed: 2.167 s -- in com.company.tms.repository.LeaveRepositoryTest
[INFO] Running com.company.tms.repository.TimesheetRepositoryTest
2026-03-23T13:09:21.111+05:30  INFO 26848 --- [tms-backend] [           main] t.c.s.AnnotationConfigContextLoaderUtils : Could not detect default configuration classes for test class [com.company.tms.repository.TimesheetRepositoryTest]: TimesheetRepositoryTest does not declare any static, non-private, non-final, nested classes annotated with @Configuration.
2026-03-23T13:09:21.129+05:30  INFO 26848 --- [tms-backend] [           main] .b.t.c.SpringBootTestContextBootstrapper : Found @SpringBootConfiguration com.company.tms.TmsBackendApplication for test class com.company.tms.repository.TimesheetRepositoryTest
Hibernate: insert into timesheets (approved_at,approved_by,created_at,rejection_reason,status,submitted_at,updated_at,user_id,week_end_date,week_start_date,id) values (?,?,?,?,?,?,?,?,?,?,default)
Hibernate: insert into timesheets (approved_at,approved_by,created_at,rejection_reason,status,submitted_at,updated_at,user_id,week_end_date,week_start_date,id) values (?,?,?,?,?,?,?,?,?,?,default)
Hibernate: insert into timesheets (approved_at,approved_by,created_at,rejection_reason,status,submitted_at,updated_at,user_id,week_end_date,week_start_date,id) values (?,?,?,?,?,?,?,?,?,?,default)
Hibernate: select t1_0.id,t1_0.approved_at,t1_0.approved_by,t1_0.created_at,t1_0.rejection_reason,t1_0.status,t1_0.submitted_at,t1_0.updated_at,t1_0.user_id,t1_0.week_end_date,t1_0.week_start_date from timesheets t1_0 where t1_0.user_id=? and t1_0.week_start_date=?
Hibernate: insert into timesheets (approved_at,approved_by,created_at,rejection_reason,status,submitted_at,updated_at,user_id,week_end_date,week_start_date,id) values (?,?,?,?,?,?,?,?,?,?,default)
Hibernate: insert into timesheets (approved_at,approved_by,created_at,rejection_reason,status,submitted_at,updated_at,user_id,week_end_date,week_start_date,id) values (?,?,?,?,?,?,?,?,?,?,default)
Hibernate: insert into timesheets (approved_at,approved_by,created_at,rejection_reason,status,submitted_at,updated_at,user_id,week_end_date,week_start_date,id) values (?,?,?,?,?,?,?,?,?,?,default)
Hibernate: insert into time_entries (created_at,description,duration_minutes,end_time,project_id,start_time,task_id,task_note,timesheet_id,updated_at,user_id,work_date,id) values (?,?,?,?,?,?,?,?,?,?,?,?,default)
Hibernate: insert into time_entries (created_at,description,duration_minutes,end_time,project_id,start_time,task_id,task_note,timesheet_id,updated_at,user_id,work_date,id) values (?,?,?,?,?,?,?,?,?,?,?,?,default)
Hibernate: select te1_0.id,te1_0.created_at,te1_0.description,te1_0.duration_minutes,te1_0.end_time,te1_0.project_id,te1_0.start_time,te1_0.task_id,te1_0.task_note,te1_0.timesheet_id,te1_0.updated_at,te1_0.user_id,te1_0.work_date from time_entries te1_0 where te1_0.timesheet_id=?
Hibernate: insert into timesheets (approved_at,approved_by,created_at,rejection_reason,status,submitted_at,updated_at,user_id,week_end_date,week_start_date,id) values (?,?,?,?,?,?,?,?,?,?,default)
Hibernate: insert into timesheets (approved_at,approved_by,created_at,rejection_reason,status,submitted_at,updated_at,user_id,week_end_date,week_start_date,id) values (?,?,?,?,?,?,?,?,?,?,default)
Hibernate: insert into timesheets (approved_at,approved_by,created_at,rejection_reason,status,submitted_at,updated_at,user_id,week_end_date,week_start_date,id) values (?,?,?,?,?,?,?,?,?,?,default)
Hibernate: insert into time_entries (created_at,description,duration_minutes,end_time,project_id,start_time,task_id,task_note,timesheet_id,updated_at,user_id,work_date,id) values (?,?,?,?,?,?,?,?,?,?,?,?,default)
Hibernate: select te1_0.id,te1_0.created_at,te1_0.description,te1_0.duration_minutes,te1_0.end_time,te1_0.project_id,te1_0.start_time,te1_0.task_id,te1_0.task_note,te1_0.timesheet_id,te1_0.updated_at,te1_0.user_id,te1_0.work_date from time_entries te1_0 where te1_0.user_id=? and te1_0.work_date=? and te1_0.start_time<? and te1_0.end_time>? and te1_0.id<>?
Hibernate: insert into timesheets (approved_at,approved_by,created_at,rejection_reason,status,submitted_at,updated_at,user_id,week_end_date,week_start_date,id) values (?,?,?,?,?,?,?,?,?,?,default)
Hibernate: insert into timesheets (approved_at,approved_by,created_at,rejection_reason,status,submitted_at,updated_at,user_id,week_end_date,week_start_date,id) values (?,?,?,?,?,?,?,?,?,?,default)
Hibernate: insert into timesheets (approved_at,approved_by,created_at,rejection_reason,status,submitted_at,updated_at,user_id,week_end_date,week_start_date,id) values (?,?,?,?,?,?,?,?,?,?,default)
Hibernate: select t1_0.id,t1_0.approved_at,t1_0.approved_by,t1_0.created_at,t1_0.rejection_reason,t1_0.status,t1_0.submitted_at,t1_0.updated_at,t1_0.user_id,t1_0.week_end_date,t1_0.week_start_date from timesheets t1_0 where t1_0.user_id=?
Hibernate: insert into timesheets (approved_at,approved_by,created_at,rejection_reason,status,submitted_at,updated_at,user_id,week_end_date,week_start_date,id) values (?,?,?,?,?,?,?,?,?,?,default)
Hibernate: insert into timesheets (approved_at,approved_by,created_at,rejection_reason,status,submitted_at,updated_at,user_id,week_end_date,week_start_date,id) values (?,?,?,?,?,?,?,?,?,?,default)
Hibernate: insert into timesheets (approved_at,approved_by,created_at,rejection_reason,status,submitted_at,updated_at,user_id,week_end_date,week_start_date,id) values (?,?,?,?,?,?,?,?,?,?,default)
Hibernate: select t1_0.id,t1_0.approved_at,t1_0.approved_by,t1_0.created_at,t1_0.rejection_reason,t1_0.status,t1_0.submitted_at,t1_0.updated_at,t1_0.user_id,t1_0.week_end_date,t1_0.week_start_date from timesheets t1_0 where t1_0.user_id=? and t1_0.week_start_date=?
Hibernate: insert into timesheets (approved_at,approved_by,created_at,rejection_reason,status,submitted_at,updated_at,user_id,week_end_date,week_start_date,id) values (?,?,?,?,?,?,?,?,?,?,default)
Hibernate: insert into timesheets (approved_at,approved_by,created_at,rejection_reason,status,submitted_at,updated_at,user_id,week_end_date,week_start_date,id) values (?,?,?,?,?,?,?,?,?,?,default)
Hibernate: insert into timesheets (approved_at,approved_by,created_at,rejection_reason,status,submitted_at,updated_at,user_id,week_end_date,week_start_date,id) values (?,?,?,?,?,?,?,?,?,?,default)
Hibernate: insert into time_entries (created_at,description,duration_minutes,end_time,project_id,start_time,task_id,task_note,timesheet_id,updated_at,user_id,work_date,id) values (?,?,?,?,?,?,?,?,?,?,?,?,default)
Hibernate: select te1_0.id,te1_0.created_at,te1_0.description,te1_0.duration_minutes,te1_0.end_time,te1_0.project_id,te1_0.start_time,te1_0.task_id,te1_0.task_note,te1_0.timesheet_id,te1_0.updated_at,te1_0.user_id,te1_0.work_date from time_entries te1_0 where te1_0.user_id=? and te1_0.work_date=? and te1_0.start_time<? and te1_0.end_time>? and te1_0.id<>?
Hibernate: insert into timesheets (approved_at,approved_by,created_at,rejection_reason,status,submitted_at,updated_at,user_id,week_end_date,week_start_date,id) values (?,?,?,?,?,?,?,?,?,?,default)
Hibernate: insert into timesheets (approved_at,approved_by,created_at,rejection_reason,status,submitted_at,updated_at,user_id,week_end_date,week_start_date,id) values (?,?,?,?,?,?,?,?,?,?,default)
Hibernate: insert into timesheets (approved_at,approved_by,created_at,rejection_reason,status,submitted_at,updated_at,user_id,week_end_date,week_start_date,id) values (?,?,?,?,?,?,?,?,?,?,default)
Hibernate: select t1_0.id,t1_0.approved_at,t1_0.approved_by,t1_0.created_at,t1_0.rejection_reason,t1_0.status,t1_0.submitted_at,t1_0.updated_at,t1_0.user_id,t1_0.week_end_date,t1_0.week_start_date from timesheets t1_0 where t1_0.status=?
Hibernate: insert into timesheets (approved_at,approved_by,created_at,rejection_reason,status,submitted_at,updated_at,user_id,week_end_date,week_start_date,id) values (?,?,?,?,?,?,?,?,?,?,default)
Hibernate: insert into timesheets (approved_at,approved_by,created_at,rejection_reason,status,submitted_at,updated_at,user_id,week_end_date,week_start_date,id) values (?,?,?,?,?,?,?,?,?,?,default)
Hibernate: insert into timesheets (approved_at,approved_by,created_at,rejection_reason,status,submitted_at,updated_at,user_id,week_end_date,week_start_date,id) values (?,?,?,?,?,?,?,?,?,?,default)
Hibernate: select te1_0.id from time_entries te1_0 where te1_0.timesheet_id=? fetch first ? rows only
Hibernate: insert into timesheets (approved_at,approved_by,created_at,rejection_reason,status,submitted_at,updated_at,user_id,week_end_date,week_start_date,id) values (?,?,?,?,?,?,?,?,?,?,default)
Hibernate: insert into timesheets (approved_at,approved_by,created_at,rejection_reason,status,submitted_at,updated_at,user_id,week_end_date,week_start_date,id) values (?,?,?,?,?,?,?,?,?,?,default)
Hibernate: insert into timesheets (approved_at,approved_by,created_at,rejection_reason,status,submitted_at,updated_at,user_id,week_end_date,week_start_date,id) values (?,?,?,?,?,?,?,?,?,?,default)
Hibernate: insert into time_entries (created_at,description,duration_minutes,end_time,project_id,start_time,task_id,task_note,timesheet_id,updated_at,user_id,work_date,id) values (?,?,?,?,?,?,?,?,?,?,?,?,default)
Hibernate: select te1_0.id,te1_0.created_at,te1_0.description,te1_0.duration_minutes,te1_0.end_time,te1_0.project_id,te1_0.start_time,te1_0.task_id,te1_0.task_note,te1_0.timesheet_id,te1_0.updated_at,te1_0.user_id,te1_0.work_date from time_entries te1_0 where te1_0.user_id=? and te1_0.work_date=? and te1_0.start_time<? and te1_0.end_time>? and te1_0.id<>?
Hibernate: insert into timesheets (approved_at,approved_by,created_at,rejection_reason,status,submitted_at,updated_at,user_id,week_end_date,week_start_date,id) values (?,?,?,?,?,?,?,?,?,?,default)
Hibernate: insert into timesheets (approved_at,approved_by,created_at,rejection_reason,status,submitted_at,updated_at,user_id,week_end_date,week_start_date,id) values (?,?,?,?,?,?,?,?,?,?,default)
Hibernate: insert into timesheets (approved_at,approved_by,created_at,rejection_reason,status,submitted_at,updated_at,user_id,week_end_date,week_start_date,id) values (?,?,?,?,?,?,?,?,?,?,default)
Hibernate: insert into time_entries (created_at,description,duration_minutes,end_time,project_id,start_time,task_id,task_note,timesheet_id,updated_at,user_id,work_date,id) values (?,?,?,?,?,?,?,?,?,?,?,?,default)
Hibernate: select te1_0.id from time_entries te1_0 where te1_0.timesheet_id=? fetch first ? rows only
Hibernate: insert into timesheets (approved_at,approved_by,created_at,rejection_reason,status,submitted_at,updated_at,user_id,week_end_date,week_start_date,id) values (?,?,?,?,?,?,?,?,?,?,default)
Hibernate: insert into timesheets (approved_at,approved_by,created_at,rejection_reason,status,submitted_at,updated_at,user_id,week_end_date,week_start_date,id) values (?,?,?,?,?,?,?,?,?,?,default)
Hibernate: insert into timesheets (approved_at,approved_by,created_at,rejection_reason,status,submitted_at,updated_at,user_id,week_end_date,week_start_date,id) values (?,?,?,?,?,?,?,?,?,?,default)
Hibernate: insert into time_entries (created_at,description,duration_minutes,end_time,project_id,start_time,task_id,task_note,timesheet_id,updated_at,user_id,work_date,id) values (?,?,?,?,?,?,?,?,?,?,?,?,default)
Hibernate: insert into time_entries (created_at,description,duration_minutes,end_time,project_id,start_time,task_id,task_note,timesheet_id,updated_at,user_id,work_date,id) values (?,?,?,?,?,?,?,?,?,?,?,?,default)
Hibernate: select coalesce(sum(te1_0.duration_minutes),0) from time_entries te1_0 where te1_0.user_id=? and te1_0.work_date=? and te1_0.id<>?
Hibernate: insert into timesheets (approved_at,approved_by,created_at,rejection_reason,status,submitted_at,updated_at,user_id,week_end_date,week_start_date,id) values (?,?,?,?,?,?,?,?,?,?,default)
Hibernate: insert into timesheets (approved_at,approved_by,created_at,rejection_reason,status,submitted_at,updated_at,user_id,week_end_date,week_start_date,id) values (?,?,?,?,?,?,?,?,?,?,default)
Hibernate: insert into timesheets (approved_at,approved_by,created_at,rejection_reason,status,submitted_at,updated_at,user_id,week_end_date,week_start_date,id) values (?,?,?,?,?,?,?,?,?,?,default)
Hibernate: select coalesce(sum(te1_0.duration_minutes),0) from time_entries te1_0 where te1_0.user_id=? and te1_0.work_date=? and te1_0.id<>?
[INFO] Tests run: 12, Failures: 0, Errors: 0, Skipped: 0, Time elapsed: 0.219 s -- in com.company.tms.repository.TimesheetRepositoryTest
[INFO] Running com.company.tms.repository.UserRepositoryTest
2026-03-23T13:09:21.334+05:30  INFO 26848 --- [tms-backend] [           main] t.c.s.AnnotationConfigContextLoaderUtils : Could not detect default configuration classes for test class [com.company.tms.repository.UserRepositoryTest]: UserRepositoryTest does not declare any static, non-private, non-final, nested classes annotated with @Configuration.
2026-03-23T13:09:21.347+05:30  INFO 26848 --- [tms-backend] [           main] .b.t.c.SpringBootTestContextBootstrapper : Found @SpringBootConfiguration com.company.tms.TmsBackendApplication for test class com.company.tms.repository.UserRepositoryTest
Hibernate: insert into roles (name,id) values (?,default)
Hibernate: insert into roles (name,id) values (?,default)
Hibernate: insert into departments (created_at,description,head_id,name,status,updated_at,id) values (?,?,?,?,?,?,default)
Hibernate: insert into users (created_at,department_id,designation,email,employee_id,employment_type,joining_date,manager_id,name,password_hash,phone,role_id,status,updated_at,id) values (?,?,?,?,?,?,?,?,?,?,?,?,?,?,?)
Hibernate: insert into users (created_at,department_id,designation,email,employee_id,employment_type,joining_date,manager_id,name,password_hash,phone,role_id,status,updated_at,id) values (?,?,?,?,?,?,?,?,?,?,?,?,?,?,?)
Hibernate: select u1_0.id,u1_0.created_at,u1_0.department_id,u1_0.designation,u1_0.email,u1_0.employee_id,u1_0.employment_type,u1_0.joining_date,u1_0.manager_id,u1_0.name,u1_0.password_hash,u1_0.phone,u1_0.role_id,u1_0.status,u1_0.updated_at from users u1_0 where u1_0.manager_id=?
Hibernate: insert into roles (name,id) values (?,default)
Hibernate: insert into roles (name,id) values (?,default)
Hibernate: insert into departments (created_at,description,head_id,name,status,updated_at,id) values (?,?,?,?,?,?,default)
Hibernate: insert into users (created_at,department_id,designation,email,employee_id,employment_type,joining_date,manager_id,name,password_hash,phone,role_id,status,updated_at,id) values (?,?,?,?,?,?,?,?,?,?,?,?,?,?,?)
Hibernate: insert into users (created_at,department_id,designation,email,employee_id,employment_type,joining_date,manager_id,name,password_hash,phone,role_id,status,updated_at,id) values (?,?,?,?,?,?,?,?,?,?,?,?,?,?,?)
Hibernate: select u1_0.id,u1_0.created_at,u1_0.department_id,u1_0.designation,u1_0.email,u1_0.employee_id,u1_0.employment_type,u1_0.joining_date,u1_0.manager_id,u1_0.name,u1_0.password_hash,u1_0.phone,u1_0.role_id,u1_0.status,u1_0.updated_at from users u1_0 where u1_0.department_id=?
Hibernate: insert into roles (name,id) values (?,default)
Hibernate: insert into roles (name,id) values (?,default)
Hibernate: insert into departments (created_at,description,head_id,name,status,updated_at,id) values (?,?,?,?,?,?,default)
Hibernate: insert into users (created_at,department_id,designation,email,employee_id,employment_type,joining_date,manager_id,name,password_hash,phone,role_id,status,updated_at,id) values (?,?,?,?,?,?,?,?,?,?,?,?,?,?,?)
Hibernate: insert into users (created_at,department_id,designation,email,employee_id,employment_type,joining_date,manager_id,name,password_hash,phone,role_id,status,updated_at,id) values (?,?,?,?,?,?,?,?,?,?,?,?,?,?,?)
Hibernate: select u1_0.id from users u1_0 where u1_0.email=? and u1_0.id<>? fetch first ? rows only
Hibernate: insert into roles (name,id) values (?,default)
Hibernate: insert into roles (name,id) values (?,default)
Hibernate: insert into departments (created_at,description,head_id,name,status,updated_at,id) values (?,?,?,?,?,?,default)
Hibernate: insert into users (created_at,department_id,designation,email,employee_id,employment_type,joining_date,manager_id,name,password_hash,phone,role_id,status,updated_at,id) values (?,?,?,?,?,?,?,?,?,?,?,?,?,?,?)
Hibernate: insert into users (created_at,department_id,designation,email,employee_id,employment_type,joining_date,manager_id,name,password_hash,phone,role_id,status,updated_at,id) values (?,?,?,?,?,?,?,?,?,?,?,?,?,?,?)
Hibernate: select u1_0.id,u1_0.created_at,u1_0.department_id,u1_0.designation,u1_0.email,u1_0.employee_id,u1_0.employment_type,u1_0.joining_date,u1_0.manager_id,u1_0.name,u1_0.password_hash,u1_0.phone,u1_0.role_id,u1_0.status,u1_0.updated_at from users u1_0 where u1_0.employee_id=?
Hibernate: insert into roles (name,id) values (?,default)
Hibernate: insert into roles (name,id) values (?,default)
Hibernate: insert into departments (created_at,description,head_id,name,status,updated_at,id) values (?,?,?,?,?,?,default)
Hibernate: insert into users (created_at,department_id,designation,email,employee_id,employment_type,joining_date,manager_id,name,password_hash,phone,role_id,status,updated_at,id) values (?,?,?,?,?,?,?,?,?,?,?,?,?,?,?)
Hibernate: insert into users (created_at,department_id,designation,email,employee_id,employment_type,joining_date,manager_id,name,password_hash,phone,role_id,status,updated_at,id) values (?,?,?,?,?,?,?,?,?,?,?,?,?,?,?)
Hibernate: select u1_0.id,u1_0.created_at,u1_0.department_id,u1_0.designation,u1_0.email,u1_0.employee_id,u1_0.employment_type,u1_0.joining_date,u1_0.manager_id,u1_0.name,u1_0.password_hash,u1_0.phone,u1_0.role_id,u1_0.status,u1_0.updated_at from users u1_0 where u1_0.email=?
Hibernate: insert into roles (name,id) values (?,default)
Hibernate: insert into roles (name,id) values (?,default)
Hibernate: insert into departments (created_at,description,head_id,name,status,updated_at,id) values (?,?,?,?,?,?,default)
Hibernate: insert into users (created_at,department_id,designation,email,employee_id,employment_type,joining_date,manager_id,name,password_hash,phone,role_id,status,updated_at,id) values (?,?,?,?,?,?,?,?,?,?,?,?,?,?,?)
Hibernate: insert into users (created_at,department_id,designation,email,employee_id,employment_type,joining_date,manager_id,name,password_hash,phone,role_id,status,updated_at,id) values (?,?,?,?,?,?,?,?,?,?,?,?,?,?,?)
Hibernate: select u1_0.id,u1_0.created_at,u1_0.department_id,u1_0.designation,u1_0.email,u1_0.employee_id,u1_0.employment_type,u1_0.joining_date,u1_0.manager_id,u1_0.name,u1_0.password_hash,u1_0.phone,u1_0.role_id,u1_0.status,u1_0.updated_at from users u1_0 where u1_0.employee_id=?
Hibernate: insert into roles (name,id) values (?,default)
Hibernate: insert into roles (name,id) values (?,default)
Hibernate: insert into departments (created_at,description,head_id,name,status,updated_at,id) values (?,?,?,?,?,?,default)
Hibernate: insert into users (created_at,department_id,designation,email,employee_id,employment_type,joining_date,manager_id,name,password_hash,phone,role_id,status,updated_at,id) values (?,?,?,?,?,?,?,?,?,?,?,?,?,?,?)
Hibernate: insert into users (created_at,department_id,designation,email,employee_id,employment_type,joining_date,manager_id,name,password_hash,phone,role_id,status,updated_at,id) values (?,?,?,?,?,?,?,?,?,?,?,?,?,?,?)
Hibernate: select u1_0.id from users u1_0 where u1_0.email=? fetch first ? rows only
Hibernate: insert into roles (name,id) values (?,default)
Hibernate: insert into roles (name,id) values (?,default)
Hibernate: insert into departments (created_at,description,head_id,name,status,updated_at,id) values (?,?,?,?,?,?,default)
Hibernate: insert into users (created_at,department_id,designation,email,employee_id,employment_type,joining_date,manager_id,name,password_hash,phone,role_id,status,updated_at,id) values (?,?,?,?,?,?,?,?,?,?,?,?,?,?,?)
Hibernate: insert into users (created_at,department_id,designation,email,employee_id,employment_type,joining_date,manager_id,name,password_hash,phone,role_id,status,updated_at,id) values (?,?,?,?,?,?,?,?,?,?,?,?,?,?,?)
Hibernate: select u1_0.id,u1_0.created_at,u1_0.department_id,u1_0.designation,u1_0.email,u1_0.employee_id,u1_0.employment_type,u1_0.joining_date,u1_0.manager_id,u1_0.name,u1_0.password_hash,u1_0.phone,u1_0.role_id,u1_0.status,u1_0.updated_at from users u1_0 where u1_0.email=?
Hibernate: insert into roles (name,id) values (?,default)
Hibernate: insert into roles (name,id) values (?,default)
Hibernate: insert into departments (created_at,description,head_id,name,status,updated_at,id) values (?,?,?,?,?,?,default)
Hibernate: insert into users (created_at,department_id,designation,email,employee_id,employment_type,joining_date,manager_id,name,password_hash,phone,role_id,status,updated_at,id) values (?,?,?,?,?,?,?,?,?,?,?,?,?,?,?)
Hibernate: insert into users (created_at,department_id,designation,email,employee_id,employment_type,joining_date,manager_id,name,password_hash,phone,role_id,status,updated_at,id) values (?,?,?,?,?,?,?,?,?,?,?,?,?,?,?)
Hibernate: select u1_0.id from users u1_0 where u1_0.email=? fetch first ? rows only
Hibernate: insert into roles (name,id) values (?,default)
Hibernate: insert into roles (name,id) values (?,default)
Hibernate: insert into departments (created_at,description,head_id,name,status,updated_at,id) values (?,?,?,?,?,?,default)
Hibernate: insert into users (created_at,department_id,designation,email,employee_id,employment_type,joining_date,manager_id,name,password_hash,phone,role_id,status,updated_at,id) values (?,?,?,?,?,?,?,?,?,?,?,?,?,?,?)
Hibernate: insert into users (created_at,department_id,designation,email,employee_id,employment_type,joining_date,manager_id,name,password_hash,phone,role_id,status,updated_at,id) values (?,?,?,?,?,?,?,?,?,?,?,?,?,?,?)
Hibernate: select u1_0.id from users u1_0 where u1_0.email=? and u1_0.id<>? fetch first ? rows only
Hibernate: insert into roles (name,id) values (?,default)
Hibernate: insert into roles (name,id) values (?,default)
Hibernate: insert into departments (created_at,description,head_id,name,status,updated_at,id) values (?,?,?,?,?,?,default)
Hibernate: insert into users (created_at,department_id,designation,email,employee_id,employment_type,joining_date,manager_id,name,password_hash,phone,role_id,status,updated_at,id) values (?,?,?,?,?,?,?,?,?,?,?,?,?,?,?)
Hibernate: insert into users (created_at,department_id,designation,email,employee_id,employment_type,joining_date,manager_id,name,password_hash,phone,role_id,status,updated_at,id) values (?,?,?,?,?,?,?,?,?,?,?,?,?,?,?)
Hibernate: select max(u1_0.employee_id) from users u1_0 where u1_0.employee_id like 'EMP-%' escape ''
Hibernate: insert into roles (name,id) values (?,default)
Hibernate: insert into roles (name,id) values (?,default)
Hibernate: insert into departments (created_at,description,head_id,name,status,updated_at,id) values (?,?,?,?,?,?,default)
Hibernate: insert into users (created_at,department_id,designation,email,employee_id,employment_type,joining_date,manager_id,name,password_hash,phone,role_id,status,updated_at,id) values (?,?,?,?,?,?,?,?,?,?,?,?,?,?,?)
Hibernate: insert into users (created_at,department_id,designation,email,employee_id,employment_type,joining_date,manager_id,name,password_hash,phone,role_id,status,updated_at,id) values (?,?,?,?,?,?,?,?,?,?,?,?,?,?,?)
Hibernate: select u1_0.id,u1_0.created_at,u1_0.department_id,u1_0.designation,u1_0.email,u1_0.employee_id,u1_0.employment_type,u1_0.joining_date,u1_0.manager_id,u1_0.name,u1_0.password_hash,u1_0.phone,u1_0.role_id,u1_0.status,u1_0.updated_at from users u1_0 where u1_0.manager_id=?
Hibernate: insert into roles (name,id) values (?,default)
Hibernate: insert into roles (name,id) values (?,default)
Hibernate: insert into departments (created_at,description,head_id,name,status,updated_at,id) values (?,?,?,?,?,?,default)
Hibernate: insert into users (created_at,department_id,designation,email,employee_id,employment_type,joining_date,manager_id,name,password_hash,phone,role_id,status,updated_at,id) values (?,?,?,?,?,?,?,?,?,?,?,?,?,?,?)
Hibernate: insert into users (created_at,department_id,designation,email,employee_id,employment_type,joining_date,manager_id,name,password_hash,phone,role_id,status,updated_at,id) values (?,?,?,?,?,?,?,?,?,?,?,?,?,?,?)
Hibernate: select u1_0.id,u1_0.created_at,u1_0.department_id,u1_0.designation,u1_0.email,u1_0.employee_id,u1_0.employment_type,u1_0.joining_date,u1_0.manager_id,u1_0.name,u1_0.password_hash,u1_0.phone,u1_0.role_id,u1_0.status,u1_0.updated_at from users u1_0 where u1_0.status=?
[INFO] Tests run: 13, Failures: 0, Errors: 0, Skipped: 0, Time elapsed: 0.231 s -- in com.company.tms.repository.UserRepositoryTest
[INFO] Running com.company.tms.security.JwtServiceTest
[INFO] Running com.company.tms.security.JwtServiceTest$IsTokenValid
[INFO] Tests run: 4, Failures: 0, Errors: 0, Skipped: 0, Time elapsed: 0.034 s -- in com.company.tms.security.JwtServiceTest$IsTokenValid
[INFO] Running com.company.tms.security.JwtServiceTest$ExtractUsername
[INFO] Tests run: 1, Failures: 0, Errors: 0, Skipped: 0, Time elapsed: 0.005 s -- in com.company.tms.security.JwtServiceTest$ExtractUsername
[INFO] Running com.company.tms.security.JwtServiceTest$GenerateToken
[INFO] Tests run: 2, Failures: 0, Errors: 0, Skipped: 0, Time elapsed: 0.017 s -- in com.company.tms.security.JwtServiceTest$GenerateToken
[INFO] Tests run: 0, Failures: 0, Errors: 0, Skipped: 0, Time elapsed: 0.062 s -- in com.company.tms.security.JwtServiceTest
[INFO] Running com.company.tms.security.SecurityConfigTest
2026-03-23T13:09:21.633+05:30  INFO 26848 --- [tms-backend] [           main] t.c.s.AnnotationConfigContextLoaderUtils : Could not detect default configuration classes for test class [com.company.tms.security.SecurityConfigTest]: SecurityConfigTest does not declare any static, non-private, non-final, nested classes annotated with @Configuration.
2026-03-23T13:09:21.699+05:30  INFO 26848 --- [tms-backend] [           main] .b.t.c.SpringBootTestContextBootstrapper : Found @SpringBootConfiguration com.company.tms.TmsBackendApplication for test class com.company.tms.security.SecurityConfigTest
2026-03-23T13:09:21.794+05:30  WARN 26848 --- [tms-backend] [           main] c.c.t.exception.GlobalExceptionHandler   : Bad credentials login attempt
[INFO] Tests run: 9, Failures: 0, Errors: 0, Skipped: 0, Time elapsed: 0.178 s -- in com.company.tms.security.SecurityConfigTest
[INFO] Running com.company.tms.service.AuditServiceTest
[INFO] Running com.company.tms.service.AuditServiceTest$GetLogsByEntity
[INFO] Tests run: 1, Failures: 0, Errors: 0, Skipped: 0, Time elapsed: 0.430 s -- in com.company.tms.service.AuditServiceTest$GetLogsByEntity
[INFO] Running com.company.tms.service.AuditServiceTest$GetLogsByUser
[INFO] Tests run: 2, Failures: 0, Errors: 0, Skipped: 0, Time elapsed: 0.007 s -- in com.company.tms.service.AuditServiceTest$GetLogsByUser
[INFO] Running com.company.tms.service.AuditServiceTest$GetAllLogs
[INFO] Tests run: 2, Failures: 0, Errors: 0, Skipped: 0, Time elapsed: 0.019 s -- in com.company.tms.service.AuditServiceTest$GetAllLogs
[INFO] Running com.company.tms.service.AuditServiceTest$SaveAuditLog
[INFO] Tests run: 1, Failures: 0, Errors: 0, Skipped: 0, Time elapsed: 0.004 s -- in com.company.tms.service.AuditServiceTest$SaveAuditLog
[INFO] Tests run: 0, Failures: 0, Errors: 0, Skipped: 0, Time elapsed: 0.474 s -- in com.company.tms.service.AuditServiceTest
[INFO] Running com.company.tms.service.LeaveServiceTest
[INFO] Running com.company.tms.service.LeaveServiceTest$GetAllLeaveRequests
[INFO] Tests run: 3, Failures: 0, Errors: 0, Skipped: 0, Time elapsed: 0.634 s -- in com.company.tms.service.LeaveServiceTest$GetAllLeaveRequests
[INFO] Running com.company.tms.service.LeaveServiceTest$RejectLeaveRequest
[INFO] Tests run: 1, Failures: 0, Errors: 0, Skipped: 0, Time elapsed: 0.015 s -- in com.company.tms.service.LeaveServiceTest$RejectLeaveRequest
[INFO] Running com.company.tms.service.LeaveServiceTest$ApproveLeaveRequest
[INFO] Tests run: 1, Failures: 0, Errors: 0, Skipped: 0, Time elapsed: 0.015 s -- in com.company.tms.service.LeaveServiceTest$ApproveLeaveRequest
[INFO] Running com.company.tms.service.LeaveServiceTest$CancelLeaveRequest
[INFO] Tests run: 2, Failures: 0, Errors: 0, Skipped: 0, Time elapsed: 0.012 s -- in com.company.tms.service.LeaveServiceTest$CancelLeaveRequest
[INFO] Running com.company.tms.service.LeaveServiceTest$CreateLeaveRequest
[INFO] Tests run: 4, Failures: 0, Errors: 0, Skipped: 0, Time elapsed: 0.042 s -- in com.company.tms.service.LeaveServiceTest$CreateLeaveRequest
[INFO] Tests run: 0, Failures: 0, Errors: 0, Skipped: 0, Time elapsed: 0.725 s -- in com.company.tms.service.LeaveServiceTest
[INFO] Running com.company.tms.service.NotificationEventListenerTest
[INFO] Running com.company.tms.service.NotificationEventListenerTest$OnLeaveApplied
[INFO] Tests run: 1, Failures: 0, Errors: 0, Skipped: 0, Time elapsed: 0.220 s -- in com.company.tms.service.NotificationEventListenerTest$OnLeaveApplied
[INFO] Running com.company.tms.service.NotificationEventListenerTest$OnTimesheetApproved
[INFO] Tests run: 2, Failures: 0, Errors: 0, Skipped: 0, Time elapsed: 0.008 s -- in com.company.tms.service.NotificationEventListenerTest$OnTimesheetApproved
[INFO] Running com.company.tms.service.NotificationEventListenerTest$OnTimesheetSubmitted
[INFO] Tests run: 2, Failures: 0, Errors: 0, Skipped: 0, Time elapsed: 0.015 s -- in com.company.tms.service.NotificationEventListenerTest$OnTimesheetSubmitted
[INFO] Tests run: 0, Failures: 0, Errors: 0, Skipped: 0, Time elapsed: 0.248 s -- in com.company.tms.service.NotificationEventListenerTest
[INFO] Running com.company.tms.service.ReportServiceTest
[INFO] Running com.company.tms.service.ReportServiceTest$GetBillableHoursReport
[INFO] Tests run: 1, Failures: 0, Errors: 0, Skipped: 0, Time elapsed: 0.445 s -- in com.company.tms.service.ReportServiceTest$GetBillableHoursReport
[INFO] Running com.company.tms.service.ReportServiceTest$GetProjectUtilizationReport
[INFO] Tests run: 2, Failures: 0, Errors: 0, Skipped: 0, Time elapsed: 0.029 s -- in com.company.tms.service.ReportServiceTest$GetProjectUtilizationReport
[INFO] Running com.company.tms.service.ReportServiceTest$GetEmployeeHoursReport
[INFO] Tests run: 4, Failures: 0, Errors: 0, Skipped: 0, Time elapsed: 0.029 s -- in com.company.tms.service.ReportServiceTest$GetEmployeeHoursReport
[INFO] Tests run: 0, Failures: 0, Errors: 0, Skipped: 0, Time elapsed: 0.511 s -- in com.company.tms.service.ReportServiceTest
[INFO] Running com.company.tms.service.TimesheetServiceTest
[INFO] Running com.company.tms.service.TimesheetServiceTest$GetTimesheetsByUser
[INFO] Tests run: 1, Failures: 0, Errors: 0, Skipped: 0, Time elapsed: 0.138 s -- in com.company.tms.service.TimesheetServiceTest$GetTimesheetsByUser
[INFO] Running com.company.tms.service.TimesheetServiceTest$OwnerAndManagerChecks
[INFO] Tests run: 5, Failures: 0, Errors: 0, Skipped: 0, Time elapsed: 0.019 s -- in com.company.tms.service.TimesheetServiceTest$OwnerAndManagerChecks
[INFO] Running com.company.tms.service.TimesheetServiceTest$LockTimesheet
[INFO] Tests run: 3, Failures: 0, Errors: 0, Skipped: 0, Time elapsed: 0.011 s -- in com.company.tms.service.TimesheetServiceTest$LockTimesheet
[INFO] Running com.company.tms.service.TimesheetServiceTest$RejectTimesheet
[INFO] Tests run: 1, Failures: 0, Errors: 0, Skipped: 0, Time elapsed: 0.008 s -- in com.company.tms.service.TimesheetServiceTest$RejectTimesheet
[INFO] Running com.company.tms.service.TimesheetServiceTest$ApproveTimesheet
[INFO] Tests run: 2, Failures: 0, Errors: 0, Skipped: 0, Time elapsed: 0.016 s -- in com.company.tms.service.TimesheetServiceTest$ApproveTimesheet
[INFO] Running com.company.tms.service.TimesheetServiceTest$SubmitTimesheet
[INFO] Tests run: 3, Failures: 0, Errors: 0, Skipped: 0, Time elapsed: 0.016 s -- in com.company.tms.service.TimesheetServiceTest$SubmitTimesheet
[INFO] Running com.company.tms.service.TimesheetServiceTest$GetTimesheetById
[INFO] Tests run: 2, Failures: 0, Errors: 0, Skipped: 0, Time elapsed: 0.010 s -- in com.company.tms.service.TimesheetServiceTest$GetTimesheetById
[INFO] Running com.company.tms.service.TimesheetServiceTest$CreateWeeklyTimesheet
[INFO] Tests run: 2, Failures: 0, Errors: 0, Skipped: 0, Time elapsed: 0.011 s -- in com.company.tms.service.TimesheetServiceTest$CreateWeeklyTimesheet
[INFO] Tests run: 0, Failures: 0, Errors: 0, Skipped: 0, Time elapsed: 0.247 s -- in com.company.tms.service.TimesheetServiceTest
[INFO] Running com.company.tms.service.TimesheetValidatorTest
[INFO] Tests run: 28, Failures: 0, Errors: 0, Skipped: 0, Time elapsed: 0.178 s -- in com.company.tms.service.TimesheetValidatorTest
[INFO] Running com.company.tms.service.UserServiceTest
[INFO] Running com.company.tms.service.UserServiceTest$TeamAndDepartment
[INFO] Tests run: 4, Failures: 0, Errors: 0, Skipped: 0, Time elapsed: 0.315 s -- in com.company.tms.service.UserServiceTest$TeamAndDepartment
[INFO] Running com.company.tms.service.UserServiceTest$GetAllUsers
[INFO] Tests run: 1, Failures: 0, Errors: 0, Skipped: 0, Time elapsed: 0.006 s -- in com.company.tms.service.UserServiceTest$GetAllUsers
[INFO] Running com.company.tms.service.UserServiceTest$DeactivateUser
[INFO] Tests run: 2, Failures: 0, Errors: 0, Skipped: 0, Time elapsed: 0.017 s -- in com.company.tms.service.UserServiceTest$DeactivateUser
[INFO] Running com.company.tms.service.UserServiceTest$UpdateUser
[INFO] Tests run: 3, Failures: 0, Errors: 0, Skipped: 0, Time elapsed: 0.015 s -- in com.company.tms.service.UserServiceTest$UpdateUser
[INFO] Running com.company.tms.service.UserServiceTest$GetUserById
[INFO] Tests run: 3, Failures: 0, Errors: 0, Skipped: 0, Time elapsed: 0.014 s -- in com.company.tms.service.UserServiceTest$GetUserById
[INFO] Running com.company.tms.service.UserServiceTest$CreateUser
[INFO] Tests run: 5, Failures: 0, Errors: 0, Skipped: 0, Time elapsed: 0.070 s -- in com.company.tms.service.UserServiceTest$CreateUser
[INFO] Tests run: 0, Failures: 0, Errors: 0, Skipped: 0, Time elapsed: 0.451 s -- in com.company.tms.service.UserServiceTest
[INFO] 
[INFO] Results:
[INFO] 
[INFO] Tests run: 215, Failures: 0, Errors: 0, Skipped: 0
[INFO] 
[INFO] ------------------------------------------------------------------------
[INFO] BUILD SUCCESS
[INFO] ------------------------------------------------------------------------
[INFO] Total time:  58.923 s
[INFO] Finished at: 2026-03-23T13:09:25+05:30
[INFO] ------------------------------------------------------------------------
